MPLINK 5.00, LINKER
Linker Map File - Created Wed Jan 25 11:54:06 2017

                                 Section Info
                  Section       Type    Address   Location Size(Bytes)
                ---------  ---------  ---------  ---------  ---------
               _entry_scn       code   0x000000    program   0x000006
              high_vector       code   0x000008    program   0x000006
               low_vector       code   0x000018    program   0x000006
                   .cinit    romdata   0x0066c0    program   0x000032
             .code_main.o       code   0x0066f2    program   0x00101a
            .code_RS485.o       code   0x00770c    program   0x000356
          .code_Console.o       code   0x007a62    program   0x000334
               _cinit_scn       code   0x007d96    program   0x00009e
             .stringtable    romdata   0x007e34    program   0x00008e
          .code_fxm3232.o       code   0x007ec2    program   0x000070
                    .code       code   0x007f32    program   0x000020
             _startup_scn       code   0x007f52    program   0x00001c
             D100TCYXCODE       code   0x007f6e    program   0x00001c
         .code_fxd0808u.o       code   0x007f8a    program   0x00001c
              D10TCYXCODE       code   0x007fa6    program   0x000016
           .code___init.o       code   0x007fbc    program   0x000002
       .romdata_Console.o    romdata   0x007fbe    program   0x000000
         .romdata_c018i.o    romdata   0x007fbe    program   0x000000
         .romdata_RS485.o    romdata   0x007fbe    program   0x000000
      .romdata_fxd0808u.o    romdata   0x007fbe    program   0x000000
       .romdata_fxm3232.o    romdata   0x007fbe    program   0x000000
        .romdata___init.o    romdata   0x007fbe    program   0x000000
        .idata_stdout.o_i    romdata   0x007fbe    program   0x000002
          .romdata_main.o    romdata   0x007fbe    program   0x000000
        .romdata_stdout.o    romdata   0x007fbe    program   0x000000
          .idata_main.o_i    romdata   0x007fc0    program   0x00000a
      .idata_fxd0808u.o_i    romdata   0x007fca    program   0x000000
         .idata_RS485.o_i    romdata   0x007fca    program   0x000005
       .idata_fxm3232.o_i    romdata   0x007fca    program   0x000000
        .idata___init.o_i    romdata   0x007fca    program   0x000000
         .idata_c018i.o_i    romdata   0x007fca    program   0x000000
       .idata_Console.o_i    romdata   0x007fcf    program   0x000009
            .code_c018i.o       code   0x007fd8    program   0x000000
           .code_stdout.o       code   0x007fd8    program   0x000000
    .config_300000_main.o    romdata   0x300000    program   0x000001
    .config_300001_main.o    romdata   0x300001    program   0x000001
    .config_300003_main.o    romdata   0x300003    program   0x000001
    .config_300008_main.o    romdata   0x300008    program   0x000001
    .config_300009_main.o    romdata   0x300009    program   0x000001
                MATH_DATA      udata   0x000000       data   0x000010
                 .tmpdata      udata   0x000010       data   0x000007
                DELAYDAT1      udata   0x000017       data   0x000001
              SendDataRaw      udata   0x000060       data   0x000064
           .udata_RS485.o      udata   0x0000c4       data   0x00000b
           .udata_c018i.o      udata   0x0000cf       data   0x00000a
            .idata_main.o      idata   0x0000d9       data   0x00000a
         .idata_Console.o      idata   0x0000e3       data   0x000009
           .idata_RS485.o      idata   0x0000ec       data   0x000005
            .udata_main.o      udata   0x0000f1       data   0x000004
          .idata_stdout.o      idata   0x0000f5       data   0x000002
         .udata_Console.o      udata   0x0000f7       data   0x000001
          .udata_stdout.o      udata   0x0000f8       data   0x000000
          .idata___init.o      idata   0x0000f8       data   0x000000
           .idata_c018i.o      idata   0x0000f8       data   0x000000
        .udata_fxd0808u.o      udata   0x0000f8       data   0x000000
        .idata_fxd0808u.o      idata   0x0000f8       data   0x000000
         .udata_fxm3232.o      udata   0x0000f8       data   0x000000
         .idata_fxm3232.o      idata   0x0000f8       data   0x000000
          .udata___init.o      udata   0x0000f8       data   0x000000
                RECV_Data      udata   0x000100       data   0x000064
                   .stack      udata   0x000d00       data   0x000100
              SFR_BANKED0      udata   0x000e41       data   0x0000bf
              SFR_BANKED1      udata   0x000f00       data   0x000040
              SFR_BANKED2      udata   0x000f46       data   0x00001a
            SFR_UNBANKED0      udata   0x000f60       data   0x0000a0



                              Program Memory Usage 
                               Start         End      
                           ---------   ---------      
                            0x000000    0x000005      
                            0x000008    0x00000d      
                            0x000018    0x00001d      
                            0x0066c0    0x007fd7      
                            0x300000    0x300001      
                            0x300003    0x300003      
                            0x300008    0x300009      
            6447 out of 7530 program addresses used, program memory utilization is 85%



                              Symbols - Sorted by Name
                     Name    Address   Location    Storage File                     
                ---------  ---------  ---------  --------- ---------                
                CalcCheck   0x007180    program     extern E:\OMFB8\source\main.c   
      CalculateAndSaveCRC   0x00713a    program     extern E:\OMFB8\source\main.c   
              CheckButton   0x00708c    program     extern E:\OMFB8\source\main.c   
             CommCRCCheck   0x006eb0    program     extern E:\OMFB8\source\main.c   
              ConsoleTask   0x007aa4    program     extern E:\OMFB8\source\Console.c
                   D100_1   0x007f7c    program     static E:\3.46\pic18-lt\cxx-framework\src\traditional\delays\d100tcyx.asm
                    D100x   0x007f7a    program     static E:\3.46\pic18-lt\cxx-framework\src\traditional\delays\d100tcyx.asm
                    D10_1   0x007fb6    program     static E:\3.46\pic18-lt\cxx-framework\src\traditional\delays\d10tcyx.asm
                     D10x   0x007fae    program     static E:\3.46\pic18-lt\cxx-framework\src\traditional\delays\d10tcyx.asm
              DBGPrintROM   0x007b96    program     extern E:\OMFB8\source\Console.c
             DBGprintBYTE   0x007ae8    program     extern E:\OMFB8\source\Console.c
              DBGprintINT   0x007ae2    program     extern E:\OMFB8\source\Console.c
             DBGprintLONG   0x007b90    program     extern E:\OMFB8\source\Console.c
             Delay100TCYx   0x007f6e    program     extern E:\3.46\pic18-lt\cxx-framework\src\traditional\delays\d100tcyx.asm
               Delay100us   0x0066f2    program     extern E:\OMFB8\source\main.c   
              Delay100uss   0x00790a    program     extern E:\OMFB8\source\RS485.c  
              Delay10TCYx   0x007fa6    program     extern E:\3.46\pic18-lt\cxx-framework\src\traditional\delays\d10tcyx.asm
                  DelayMs   0x006744    program     extern E:\OMFB8\source\main.c   
                    Erase   0x0073d6    program     extern E:\OMFB8\source\main.c   
                 FXD0808U   0x007f8a    program     extern E:\3.46\pic18-lt\cxx-framework\src\traditional\math\fxd0808u.c
                  FXM3232   0x007ec2    program     extern E:\3.46\pic18-lt\cxx-framework\src\traditional\math\fxm3232.c
             FlushConsole   0x007cb0    program     extern E:\OMFB8\source\Console.c
             GetBLVersion   0x006e9c    program     extern E:\OMFB8\source\main.c   
    GetFWVersionAndStatus   0x006e82    program     extern E:\OMFB8\source\main.c   
            InitDebugUART   0x007a6c    program     extern E:\OMFB8\source\Console.c
                    Print   0x007c32    program     extern E:\OMFB8\source\Console.c
              ProcessData   0x006f48    program     extern E:\OMFB8\source\main.c   
                    PutCh   0x0078ec    program     extern E:\OMFB8\source\RS485.c  
               ReadEEPROM   0x0072a4    program     extern E:\OMFB8\source\main.c   
           ReadEEPROMByte   0x007338    program     extern E:\OMFB8\source\main.c   
                  ReadPMn   0x007492    program     extern E:\OMFB8\source\main.c   
                 RecvData   0x007758    program     extern E:\OMFB8\source\RS485.c  
             ResetCounter   0x00707c    program     extern E:\OMFB8\source\main.c   
                SaveBlock   0x006cf6    program     extern E:\OMFB8\source\main.c   
                  SaveCRC   0x006e24    program     extern E:\OMFB8\source\main.c   
              SaveVersion   0x006e14    program     extern E:\OMFB8\source\main.c   
                 SendData   0x007960    program     extern E:\OMFB8\source\RS485.c  
               SetVerbose   0x007a62    program     extern E:\OMFB8\source\Console.c
         StartTickCounter   0x007066    program     extern E:\OMFB8\source\main.c   
        UnlockAndActivate   0x00752c    program     extern E:\OMFB8\source\main.c   
             UpdateStatus   0x006e2c    program     extern E:\OMFB8\source\main.c   
                ValidCode   0x0070a6    program     extern E:\OMFB8\source\main.c   
              WriteEEPROM   0x00735e    program     extern E:\OMFB8\source\main.c   
                  WritePM   0x00741a    program     extern E:\OMFB8\source\main.c   
       _D100TCYXCODE_0008   0x007f76    program     static E:\3.46\pic18-lt\cxx-framework\src\traditional\delays\d100tcyx.asm
       _D100TCYXCODE_0012   0x007f80    program     static E:\3.46\pic18-lt\cxx-framework\src\traditional\delays\d100tcyx.asm
       _D100TCYXCODE_0018   0x007f86    program     static E:\3.46\pic18-lt\cxx-framework\src\traditional\delays\d100tcyx.asm
        _D10TCYXCODE_000A   0x007fb0    program     static E:\3.46\pic18-lt\cxx-framework\src\traditional\delays\d10tcyx.asm
        _D10TCYXCODE_000C   0x007fb2    program     static E:\3.46\pic18-lt\cxx-framework\src\traditional\delays\d10tcyx.asm
        _D10TCYXCODE_000E   0x007fb4    program     static E:\3.46\pic18-lt\cxx-framework\src\traditional\delays\d10tcyx.asm
       ___case_0_lbl00031   0x006bd2    program     static                          
       ___case_1_lbl00032   0x006be6    program     static                          
      ___default_lbl00034   0x006c5c    program     static                          
         ___else_lbl00015   0x0068a8    program     static                          
         ___else_lbl00017   0x006870    program     static                          
         ___else_lbl00019   0x006834    program     static                          
         ___else_lbl00028   0x006bc0    program     static                          
          ___for_lbl00091   0x00731a    program     static                          
          ___for_lbl00092   0x007324    program     static                          
          ___for_lbl00093   0x0072b4    program     static                          
          ___for_lbl00101   0x00746c    program     static                          
          ___for_lbl00102   0x007476    program     static                          
          ___for_lbl00103   0x00743c    program     static                          
          ___for_lbl00106   0x00750e    program     static                          
          ___for_lbl00107   0x007518    program     static                          
          ___for_lbl00111   0x0074bc    program     static                          
           ___if_lbl00013   0x0068de    program     static                          
           ___if_lbl00014   0x0068fa    program     static                          
           ___if_lbl00016   0x0068fa    program     static                          
           ___if_lbl00018   0x0068fa    program     static                          
           ___if_lbl00022   0x006b98    program     static                          
           ___if_lbl00023   0x006b98    program     static                          
           ___if_lbl00026   0x006bbe    program     static                          
           ___if_lbl00027   0x006bc4    program     static                          
           ___if_lbl00030   0x006be4    program     static                          
           ___if_lbl00033   0x006c38    program     static                          
           ___if_lbl00035   0x006cb8    program     static                          
           ___if_lbl00105   0x0074b8    program     static                          
           ___if_lbl00108   0x0074ea    program     static                          
           ___if_lbl00109   0x0074f2    program     static                          
           ___if_lbl00110   0x0074f2    program     static                          
           ___if_lbl00113   0x007552    program     static                          
       ___return_lbl00000   0x007f30    program     static                          
       ___return_lbl00000   0x000004    program     static                          
       ___return_lbl00000   0x007fa4    program     static                          
       ___return_lbl00001   0x007f6c    program     static                          
       ___return_lbl00002   0x007e32    program     static                          
       ___return_lbl00007   0x00000c    program     static                          
       ___return_lbl00008   0x00001c    program     static                          
       ___return_lbl00009   0x006ce2    program     static                          
       ___return_lbl00090   0x007324    program     static                          
       ___return_lbl00099   0x007412    program     static                          
       ___return_lbl00100   0x00747e    program     static                          
       ___return_lbl00104   0x007518    program     static                          
       ___return_lbl00112   0x007558    program     static                          
   ___switchexit_lbl00029   0x006c62    program     static                          
        ___while_lbl00011   0x00684e    program     static                          
        ___while_lbl00012   0x006852    program     static                          
        ___while_lbl00020   0x006b30    program     static                          
        ___while_lbl00021   0x006c64    program     static                          
        ___while_lbl00024   0x006bba    program     static                          
        ___while_lbl00025   0x006bbe    program     static                          
        ___while_lbl00114   0x007552    program     static                          
        ___while_lbl00115   0x007556    program     static                          
               __config_0   0x300000    program     static E:\OMFB8\source\main.c   
               __config_1   0x300001    program     static E:\OMFB8\source\main.c   
               __config_2   0x300003    program     static E:\OMFB8\source\main.c   
               __config_3   0x300008    program     static E:\OMFB8\source\main.c   
               __config_4   0x300009    program     static E:\OMFB8\source\main.c   
                   __init   0x007fbc    program     extern E:\3.46\pic18-lt\cxx-framework\src\traditional\stdclib\__init.c
                   __pa_0   0x007cb2    program     static E:\OMFB8\source\Console.c
                   __pa_0   0x007a2a    program     static E:\OMFB8\source\RS485.c  
                   __pa_0   0x007562    program     static E:\OMFB8\source\main.c   
                   __pa_1   0x007cc8    program     static E:\OMFB8\source\Console.c
                   __pa_1   0x007a3a    program     static E:\OMFB8\source\RS485.c  
                   __pa_1   0x007568    program     static E:\OMFB8\source\main.c   
                  __pa_10   0x007d6a    program     static E:\OMFB8\source\Console.c
                  __pa_10   0x0075fe    program     static E:\OMFB8\source\main.c   
                  __pa_11   0x007d7a    program     static E:\OMFB8\source\Console.c
                  __pa_11   0x007618    program     static E:\OMFB8\source\main.c   
                  __pa_12   0x007626    program     static E:\OMFB8\source\main.c   
                  __pa_12   0x007d88    program     static E:\OMFB8\source\Console.c
                  __pa_13   0x007634    program     static E:\OMFB8\source\main.c   
                  __pa_14   0x007646    program     static E:\OMFB8\source\main.c   
                  __pa_15   0x007650    program     static E:\OMFB8\source\main.c   
                  __pa_16   0x00765e    program     static E:\OMFB8\source\main.c   
                  __pa_17   0x007664    program     static E:\OMFB8\source\main.c   
                  __pa_18   0x007674    program     static E:\OMFB8\source\main.c   
                  __pa_19   0x00767e    program     static E:\OMFB8\source\main.c   
                   __pa_2   0x007a40    program     static E:\OMFB8\source\RS485.c  
                   __pa_2   0x007ce2    program     static E:\OMFB8\source\Console.c
                   __pa_2   0x007580    program     static E:\OMFB8\source\main.c   
                  __pa_20   0x00769a    program     static E:\OMFB8\source\main.c   
                  __pa_21   0x0076aa    program     static E:\OMFB8\source\main.c   
                  __pa_22   0x0076c0    program     static E:\OMFB8\source\main.c   
                  __pa_23   0x0076d2    program     static E:\OMFB8\source\main.c   
                  __pa_24   0x0076e2    program     static E:\OMFB8\source\main.c   
                  __pa_25   0x0076ec    program     static E:\OMFB8\source\main.c   
                  __pa_26   0x0076f6    program     static E:\OMFB8\source\main.c   
                   __pa_3   0x007594    program     static E:\OMFB8\source\main.c   
                   __pa_3   0x007a4a    program     static E:\OMFB8\source\RS485.c  
                   __pa_3   0x007d04    program     static E:\OMFB8\source\Console.c
                   __pa_4   0x007a52    program     static E:\OMFB8\source\RS485.c  
                   __pa_4   0x0075a8    program     static E:\OMFB8\source\main.c   
                   __pa_4   0x007d0c    program     static E:\OMFB8\source\Console.c
                   __pa_5   0x0075b2    program     static E:\OMFB8\source\main.c   
                   __pa_5   0x007d18    program     static E:\OMFB8\source\Console.c
                   __pa_5   0x007a58    program     static E:\OMFB8\source\RS485.c  
                   __pa_6   0x0075ba    program     static E:\OMFB8\source\main.c   
                   __pa_6   0x007d2e    program     static E:\OMFB8\source\Console.c
                   __pa_7   0x007d44    program     static E:\OMFB8\source\Console.c
                   __pa_7   0x0075e4    program     static E:\OMFB8\source\main.c   
                   __pa_8   0x007d50    program     static E:\OMFB8\source\Console.c
                   __pa_8   0x0075f0    program     static E:\OMFB8\source\main.c   
                   __pa_9   0x007d5a    program     static E:\OMFB8\source\Console.c
                   __pa_9   0x0075f6    program     static E:\OMFB8\source\main.c   
               __string_0   0x007ebf    program     static E:\OMFB8\source\main.c   
               __string_1   0x007ebc    program     static E:\OMFB8\source\main.c   
              __string_10   0x007e97    program     static E:\OMFB8\source\main.c   
              __string_11   0x007e95    program     static E:\OMFB8\source\main.c   
              __string_12   0x007e84    program     static E:\OMFB8\source\main.c   
              __string_13   0x007e7c    program     static E:\OMFB8\source\main.c   
              __string_14   0x007e79    program     static E:\OMFB8\source\main.c   
              __string_15   0x007e76    program     static E:\OMFB8\source\main.c   
              __string_16   0x007e73    program     static E:\OMFB8\source\main.c   
              __string_17   0x007e6e    program     static E:\OMFB8\source\main.c   
              __string_18   0x007e66    program     static E:\OMFB8\source\main.c   
              __string_19   0x007e58    program     static E:\OMFB8\source\main.c   
               __string_2   0x007eb9    program     static E:\OMFB8\source\main.c   
              __string_20   0x007e56    program     static E:\OMFB8\source\main.c   
              __string_21   0x007e54    program     static E:\OMFB8\source\main.c   
              __string_22   0x007e52    program     static E:\OMFB8\source\main.c   
              __string_23   0x007e50    program     static E:\OMFB8\source\main.c   
              __string_24   0x007e4e    program     static E:\OMFB8\source\main.c   
              __string_25   0x007e4c    program     static E:\OMFB8\source\main.c   
              __string_26   0x007e4a    program     static E:\OMFB8\source\main.c   
              __string_27   0x007e42    program     static E:\OMFB8\source\main.c   
              __string_28   0x007e3b    program     static E:\OMFB8\source\main.c   
              __string_29   0x007e34    program     static E:\OMFB8\source\main.c   
               __string_3   0x007eb6    program     static E:\OMFB8\source\main.c   
               __string_4   0x007eb4    program     static E:\OMFB8\source\main.c   
               __string_5   0x007ead    program     static E:\OMFB8\source\main.c   
               __string_6   0x007ea7    program     static E:\OMFB8\source\main.c   
               __string_7   0x007ea2    program     static E:\OMFB8\source\main.c   
               __string_8   0x007ea0    program     static E:\OMFB8\source\main.c   
               __string_9   0x007e9b    program     static E:\OMFB8\source\main.c   
               __tmplbl_0   0x00680e    program     static                          
               __tmplbl_1   0x0067fc    program     static                          
              __tmplbl_10   0x0075b2    program     static                          
              __tmplbl_11   0x0076d2    program     static                          
              __tmplbl_12   0x0076d2    program     static                          
               __tmplbl_2   0x0068d6    program     static                          
               __tmplbl_3   0x006b76    program     static                          
               __tmplbl_9   0x0075b2    program     static                          
            __zero_memory   0x007f32    program     extern E:\3.46\pic18-lt\cxx-framework\src\traditional\proc\p18f45k80.asm
                _do_cinit   0x007d96    program     extern E:\3.46\pic18-lt\cxx-framework\src\traditional\startup\c018i.c
                   _entry   0x000000    program     extern E:\3.46\pic18-lt\cxx-framework\src\traditional\startup\c018i.c
                 _startup   0x007f52    program     extern E:\3.46\pic18-lt\cxx-framework\src\traditional\startup\c018i.c
                compare_l   0x007f48    program     static E:\3.46\pic18-lt\cxx-framework\src\traditional\proc\p18f45k80.asm
                copy_loop   0x007e08    program     static                          
            copy_one_byte   0x007e0e    program     static                          
                     done   0x007e32    program     static                          
             done_copying   0x007e1c    program     static                          
                  endloop   0x007fa0    program     static                          
                init_uart   0x00770c    program     extern E:\OMFB8\source\RS485.c  
 interrupt_at_high_vector   0x000008    program     extern E:\OMFB8\source\main.c   
  interrupt_at_low_vector   0x000018    program     extern E:\OMFB8\source\main.c   
                     loop   0x007f92    program     static                          
                     loop   0x007f62    program     static                          
                   loop_h   0x007f40    program     static E:\3.46\pic18-lt\cxx-framework\src\traditional\proc\p18f45k80.asm
                   loop_l   0x007f4a    program     static E:\3.46\pic18-lt\cxx-framework\src\traditional\proc\p18f45k80.asm
                     main   0x006776    program     extern E:\OMFB8\source\main.c   
                     test   0x007db0    program     static                          
               testprintf   0x00717e    program     extern E:\OMFB8\source\main.c   
               zero_block   0x007f40    program     static E:\3.46\pic18-lt\cxx-framework\src\traditional\proc\p18f45k80.asm
                   ADCON0   0x000fc2       data     extern E:\3.46\pic18-lt\cxx-framework\src\traditional\proc\p18f45k80.asm
               ADCON0bits   0x000fc2       data     extern E:\3.46\pic18-lt\cxx-framework\src\traditional\proc\p18f45k80.asm
                   ADCON1   0x000fc1       data     extern E:\3.46\pic18-lt\cxx-framework\src\traditional\proc\p18f45k80.asm
               ADCON1bits   0x000fc1       data     extern E:\3.46\pic18-lt\cxx-framework\src\traditional\proc\p18f45k80.asm
                   ADCON2   0x000fc0       data     extern E:\3.46\pic18-lt\cxx-framework\src\traditional\proc\p18f45k80.asm
               ADCON2bits   0x000fc0       data     extern E:\3.46\pic18-lt\cxx-framework\src\traditional\proc\p18f45k80.asm
                     ADDR   0x0000cb       data     extern E:\OMFB8\source\RS485.c  
                    ADRES   0x000fc3       data     extern E:\3.46\pic18-lt\cxx-framework\src\traditional\proc\p18f45k80.asm
                   ADRESH   0x000fc4       data     extern E:\3.46\pic18-lt\cxx-framework\src\traditional\proc\p18f45k80.asm
                   ADRESL   0x000fc3       data     extern E:\3.46\pic18-lt\cxx-framework\src\traditional\proc\p18f45k80.asm
                   ANCON0   0x000f5d       data     extern E:\3.46\pic18-lt\cxx-framework\src\traditional\proc\p18f45k80.asm
               ANCON0bits   0x000f5d       data     extern E:\3.46\pic18-lt\cxx-framework\src\traditional\proc\p18f45k80.asm
                   ANCON1   0x000f5c       data     extern E:\3.46\pic18-lt\cxx-framework\src\traditional\proc\p18f45k80.asm
               ANCON1bits   0x000f5c       data     extern E:\3.46\pic18-lt\cxx-framework\src\traditional\proc\p18f45k80.asm
                    B0CON   0x000e80       data     extern E:\3.46\pic18-lt\cxx-framework\src\traditional\proc\p18f45k80.asm
                B0CONbits   0x000e80       data     extern E:\3.46\pic18-lt\cxx-framework\src\traditional\proc\p18f45k80.asm
                     B0D0   0x000e86       data     extern E:\3.46\pic18-lt\cxx-framework\src\traditional\proc\p18f45k80.asm
                 B0D0bits   0x000e86       data     extern E:\3.46\pic18-lt\cxx-framework\src\traditional\proc\p18f45k80.asm
                     B0D1   0x000e87       data     extern E:\3.46\pic18-lt\cxx-framework\src\traditional\proc\p18f45k80.asm
                 B0D1bits   0x000e87       data     extern E:\3.46\pic18-lt\cxx-framework\src\traditional\proc\p18f45k80.asm
                     B0D2   0x000e88       data     extern E:\3.46\pic18-lt\cxx-framework\src\traditional\proc\p18f45k80.asm
                 B0D2bits   0x000e88       data     extern E:\3.46\pic18-lt\cxx-framework\src\traditional\proc\p18f45k80.asm
                     B0D3   0x000e89       data     extern E:\3.46\pic18-lt\cxx-framework\src\traditional\proc\p18f45k80.asm
                 B0D3bits   0x000e89       data     extern E:\3.46\pic18-lt\cxx-framework\src\traditional\proc\p18f45k80.asm
                     B0D4   0x000e8a       data     extern E:\3.46\pic18-lt\cxx-framework\src\traditional\proc\p18f45k80.asm
                 B0D4bits   0x000e8a       data     extern E:\3.46\pic18-lt\cxx-framework\src\traditional\proc\p18f45k80.asm
                     B0D5   0x000e8b       data     extern E:\3.46\pic18-lt\cxx-framework\src\traditional\proc\p18f45k80.asm
                 B0D5bits   0x000e8b       data     extern E:\3.46\pic18-lt\cxx-framework\src\traditional\proc\p18f45k80.asm
                     B0D6   0x000e8c       data     extern E:\3.46\pic18-lt\cxx-framework\src\traditional\proc\p18f45k80.asm
                 B0D6bits   0x000e8c       data     extern E:\3.46\pic18-lt\cxx-framework\src\traditional\proc\p18f45k80.asm
                     B0D7   0x000e8d       data     extern E:\3.46\pic18-lt\cxx-framework\src\traditional\proc\p18f45k80.asm
                 B0D7bits   0x000e8d       data     extern E:\3.46\pic18-lt\cxx-framework\src\traditional\proc\p18f45k80.asm
                    B0DLC   0x000e85       data     extern E:\3.46\pic18-lt\cxx-framework\src\traditional\proc\p18f45k80.asm
                B0DLCbits   0x000e85       data     extern E:\3.46\pic18-lt\cxx-framework\src\traditional\proc\p18f45k80.asm
                   B0EIDH   0x000e83       data     extern E:\3.46\pic18-lt\cxx-framework\src\traditional\proc\p18f45k80.asm
               B0EIDHbits   0x000e83       data     extern E:\3.46\pic18-lt\cxx-framework\src\traditional\proc\p18f45k80.asm
                   B0EIDL   0x000e84       data     extern E:\3.46\pic18-lt\cxx-framework\src\traditional\proc\p18f45k80.asm
               B0EIDLbits   0x000e84       data     extern E:\3.46\pic18-lt\cxx-framework\src\traditional\proc\p18f45k80.asm
                   B0SIDH   0x000e81       data     extern E:\3.46\pic18-lt\cxx-framework\src\traditional\proc\p18f45k80.asm
               B0SIDHbits   0x000e81       data     extern E:\3.46\pic18-lt\cxx-framework\src\traditional\proc\p18f45k80.asm
                   B0SIDL   0x000e82       data     extern E:\3.46\pic18-lt\cxx-framework\src\traditional\proc\p18f45k80.asm
               B0SIDLbits   0x000e82       data     extern E:\3.46\pic18-lt\cxx-framework\src\traditional\proc\p18f45k80.asm
                    B1CON   0x000e90       data     extern E:\3.46\pic18-lt\cxx-framework\src\traditional\proc\p18f45k80.asm
                B1CONbits   0x000e90       data     extern E:\3.46\pic18-lt\cxx-framework\src\traditional\proc\p18f45k80.asm
                     B1D0   0x000e96       data     extern E:\3.46\pic18-lt\cxx-framework\src\traditional\proc\p18f45k80.asm
                 B1D0bits   0x000e96       data     extern E:\3.46\pic18-lt\cxx-framework\src\traditional\proc\p18f45k80.asm
                     B1D1   0x000e97       data     extern E:\3.46\pic18-lt\cxx-framework\src\traditional\proc\p18f45k80.asm
                 B1D1bits   0x000e97       data     extern E:\3.46\pic18-lt\cxx-framework\src\traditional\proc\p18f45k80.asm
                     B1D2   0x000e98       data     extern E:\3.46\pic18-lt\cxx-framework\src\traditional\proc\p18f45k80.asm
                 B1D2bits   0x000e98       data     extern E:\3.46\pic18-lt\cxx-framework\src\traditional\proc\p18f45k80.asm
                     B1D3   0x000e99       data     extern E:\3.46\pic18-lt\cxx-framework\src\traditional\proc\p18f45k80.asm
                 B1D3bits   0x000e99       data     extern E:\3.46\pic18-lt\cxx-framework\src\traditional\proc\p18f45k80.asm
                     B1D4   0x000e9a       data     extern E:\3.46\pic18-lt\cxx-framework\src\traditional\proc\p18f45k80.asm
                 B1D4bits   0x000e9a       data     extern E:\3.46\pic18-lt\cxx-framework\src\traditional\proc\p18f45k80.asm
                     B1D5   0x000e9b       data     extern E:\3.46\pic18-lt\cxx-framework\src\traditional\proc\p18f45k80.asm
                 B1D5bits   0x000e9b       data     extern E:\3.46\pic18-lt\cxx-framework\src\traditional\proc\p18f45k80.asm
                     B1D6   0x000e9c       data     extern E:\3.46\pic18-lt\cxx-framework\src\traditional\proc\p18f45k80.asm
                 B1D6bits   0x000e9c       data     extern E:\3.46\pic18-lt\cxx-framework\src\traditional\proc\p18f45k80.asm
                     B1D7   0x000e9d       data     extern E:\3.46\pic18-lt\cxx-framework\src\traditional\proc\p18f45k80.asm
                 B1D7bits   0x000e9d       data     extern E:\3.46\pic18-lt\cxx-framework\src\traditional\proc\p18f45k80.asm
                    B1DLC   0x000e95       data     extern E:\3.46\pic18-lt\cxx-framework\src\traditional\proc\p18f45k80.asm
                B1DLCbits   0x000e95       data     extern E:\3.46\pic18-lt\cxx-framework\src\traditional\proc\p18f45k80.asm
                   B1EIDH   0x000e93       data     extern E:\3.46\pic18-lt\cxx-framework\src\traditional\proc\p18f45k80.asm
               B1EIDHbits   0x000e93       data     extern E:\3.46\pic18-lt\cxx-framework\src\traditional\proc\p18f45k80.asm
                   B1EIDL   0x000e94       data     extern E:\3.46\pic18-lt\cxx-framework\src\traditional\proc\p18f45k80.asm
               B1EIDLbits   0x000e94       data     extern E:\3.46\pic18-lt\cxx-framework\src\traditional\proc\p18f45k80.asm
                   B1SIDH   0x000e91       data     extern E:\3.46\pic18-lt\cxx-framework\src\traditional\proc\p18f45k80.asm
               B1SIDHbits   0x000e91       data     extern E:\3.46\pic18-lt\cxx-framework\src\traditional\proc\p18f45k80.asm
                   B1SIDL   0x000e92       data     extern E:\3.46\pic18-lt\cxx-framework\src\traditional\proc\p18f45k80.asm
               B1SIDLbits   0x000e92       data     extern E:\3.46\pic18-lt\cxx-framework\src\traditional\proc\p18f45k80.asm
                    B2CON   0x000ea0       data     extern E:\3.46\pic18-lt\cxx-framework\src\traditional\proc\p18f45k80.asm
                B2CONbits   0x000ea0       data     extern E:\3.46\pic18-lt\cxx-framework\src\traditional\proc\p18f45k80.asm
                     B2D0   0x000ea6       data     extern E:\3.46\pic18-lt\cxx-framework\src\traditional\proc\p18f45k80.asm
                 B2D0bits   0x000ea6       data     extern E:\3.46\pic18-lt\cxx-framework\src\traditional\proc\p18f45k80.asm
                     B2D1   0x000ea7       data     extern E:\3.46\pic18-lt\cxx-framework\src\traditional\proc\p18f45k80.asm
                 B2D1bits   0x000ea7       data     extern E:\3.46\pic18-lt\cxx-framework\src\traditional\proc\p18f45k80.asm
                     B2D2   0x000ea8       data     extern E:\3.46\pic18-lt\cxx-framework\src\traditional\proc\p18f45k80.asm
                 B2D2bits   0x000ea8       data     extern E:\3.46\pic18-lt\cxx-framework\src\traditional\proc\p18f45k80.asm
                     B2D3   0x000ea9       data     extern E:\3.46\pic18-lt\cxx-framework\src\traditional\proc\p18f45k80.asm
                 B2D3bits   0x000ea9       data     extern E:\3.46\pic18-lt\cxx-framework\src\traditional\proc\p18f45k80.asm
                     B2D4   0x000eaa       data     extern E:\3.46\pic18-lt\cxx-framework\src\traditional\proc\p18f45k80.asm
                 B2D4bits   0x000eaa       data     extern E:\3.46\pic18-lt\cxx-framework\src\traditional\proc\p18f45k80.asm
                     B2D5   0x000eab       data     extern E:\3.46\pic18-lt\cxx-framework\src\traditional\proc\p18f45k80.asm
                 B2D5bits   0x000eab       data     extern E:\3.46\pic18-lt\cxx-framework\src\traditional\proc\p18f45k80.asm
                     B2D6   0x000eac       data     extern E:\3.46\pic18-lt\cxx-framework\src\traditional\proc\p18f45k80.asm
                 B2D6bits   0x000eac       data     extern E:\3.46\pic18-lt\cxx-framework\src\traditional\proc\p18f45k80.asm
                     B2D7   0x000ead       data     extern E:\3.46\pic18-lt\cxx-framework\src\traditional\proc\p18f45k80.asm
                 B2D7bits   0x000ead       data     extern E:\3.46\pic18-lt\cxx-framework\src\traditional\proc\p18f45k80.asm
                    B2DLC   0x000ea5       data     extern E:\3.46\pic18-lt\cxx-framework\src\traditional\proc\p18f45k80.asm
                B2DLCbits   0x000ea5       data     extern E:\3.46\pic18-lt\cxx-framework\src\traditional\proc\p18f45k80.asm
                   B2EIDH   0x000ea3       data     extern E:\3.46\pic18-lt\cxx-framework\src\traditional\proc\p18f45k80.asm
               B2EIDHbits   0x000ea3       data     extern E:\3.46\pic18-lt\cxx-framework\src\traditional\proc\p18f45k80.asm
                   B2EIDL   0x000ea4       data     extern E:\3.46\pic18-lt\cxx-framework\src\traditional\proc\p18f45k80.asm
               B2EIDLbits   0x000ea4       data     extern E:\3.46\pic18-lt\cxx-framework\src\traditional\proc\p18f45k80.asm
                   B2SIDH   0x000ea1       data     extern E:\3.46\pic18-lt\cxx-framework\src\traditional\proc\p18f45k80.asm
               B2SIDHbits   0x000ea1       data     extern E:\3.46\pic18-lt\cxx-framework\src\traditional\proc\p18f45k80.asm
                   B2SIDL   0x000ea2       data     extern E:\3.46\pic18-lt\cxx-framework\src\traditional\proc\p18f45k80.asm
               B2SIDLbits   0x000ea2       data     extern E:\3.46\pic18-lt\cxx-framework\src\traditional\proc\p18f45k80.asm
                    B3CON   0x000eb0       data     extern E:\3.46\pic18-lt\cxx-framework\src\traditional\proc\p18f45k80.asm
                B3CONbits   0x000eb0       data     extern E:\3.46\pic18-lt\cxx-framework\src\traditional\proc\p18f45k80.asm
                     B3D0   0x000eb6       data     extern E:\3.46\pic18-lt\cxx-framework\src\traditional\proc\p18f45k80.asm
                 B3D0bits   0x000eb6       data     extern E:\3.46\pic18-lt\cxx-framework\src\traditional\proc\p18f45k80.asm
                     B3D1   0x000eb7       data     extern E:\3.46\pic18-lt\cxx-framework\src\traditional\proc\p18f45k80.asm
                 B3D1bits   0x000eb7       data     extern E:\3.46\pic18-lt\cxx-framework\src\traditional\proc\p18f45k80.asm
                     B3D2   0x000eb8       data     extern E:\3.46\pic18-lt\cxx-framework\src\traditional\proc\p18f45k80.asm
                 B3D2bits   0x000eb8       data     extern E:\3.46\pic18-lt\cxx-framework\src\traditional\proc\p18f45k80.asm
                     B3D3   0x000eb9       data     extern E:\3.46\pic18-lt\cxx-framework\src\traditional\proc\p18f45k80.asm
                 B3D3bits   0x000eb9       data     extern E:\3.46\pic18-lt\cxx-framework\src\traditional\proc\p18f45k80.asm
                     B3D4   0x000eba       data     extern E:\3.46\pic18-lt\cxx-framework\src\traditional\proc\p18f45k80.asm
                 B3D4bits   0x000eba       data     extern E:\3.46\pic18-lt\cxx-framework\src\traditional\proc\p18f45k80.asm
                     B3D5   0x000ebb       data     extern E:\3.46\pic18-lt\cxx-framework\src\traditional\proc\p18f45k80.asm
                 B3D5bits   0x000ebb       data     extern E:\3.46\pic18-lt\cxx-framework\src\traditional\proc\p18f45k80.asm
                     B3D6   0x000ebc       data     extern E:\3.46\pic18-lt\cxx-framework\src\traditional\proc\p18f45k80.asm
                 B3D6bits   0x000ebc       data     extern E:\3.46\pic18-lt\cxx-framework\src\traditional\proc\p18f45k80.asm
                     B3D7   0x000ebd       data     extern E:\3.46\pic18-lt\cxx-framework\src\traditional\proc\p18f45k80.asm
                 B3D7bits   0x000ebd       data     extern E:\3.46\pic18-lt\cxx-framework\src\traditional\proc\p18f45k80.asm
                    B3DLC   0x000eb5       data     extern E:\3.46\pic18-lt\cxx-framework\src\traditional\proc\p18f45k80.asm
                B3DLCbits   0x000eb5       data     extern E:\3.46\pic18-lt\cxx-framework\src\traditional\proc\p18f45k80.asm
                   B3EIDH   0x000eb3       data     extern E:\3.46\pic18-lt\cxx-framework\src\traditional\proc\p18f45k80.asm
               B3EIDHbits   0x000eb3       data     extern E:\3.46\pic18-lt\cxx-framework\src\traditional\proc\p18f45k80.asm
                   B3EIDL   0x000eb4       data     extern E:\3.46\pic18-lt\cxx-framework\src\traditional\proc\p18f45k80.asm
               B3EIDLbits   0x000eb4       data     extern E:\3.46\pic18-lt\cxx-framework\src\traditional\proc\p18f45k80.asm
                   B3SIDH   0x000eb1       data     extern E:\3.46\pic18-lt\cxx-framework\src\traditional\proc\p18f45k80.asm
               B3SIDHbits   0x000eb1       data     extern E:\3.46\pic18-lt\cxx-framework\src\traditional\proc\p18f45k80.asm
                   B3SIDL   0x000eb2       data     extern E:\3.46\pic18-lt\cxx-framework\src\traditional\proc\p18f45k80.asm
               B3SIDLbits   0x000eb2       data     extern E:\3.46\pic18-lt\cxx-framework\src\traditional\proc\p18f45k80.asm
                    B4CON   0x000ec0       data     extern E:\3.46\pic18-lt\cxx-framework\src\traditional\proc\p18f45k80.asm
                B4CONbits   0x000ec0       data     extern E:\3.46\pic18-lt\cxx-framework\src\traditional\proc\p18f45k80.asm
                     B4D0   0x000ec6       data     extern E:\3.46\pic18-lt\cxx-framework\src\traditional\proc\p18f45k80.asm
                 B4D0bits   0x000ec6       data     extern E:\3.46\pic18-lt\cxx-framework\src\traditional\proc\p18f45k80.asm
                     B4D1   0x000ec7       data     extern E:\3.46\pic18-lt\cxx-framework\src\traditional\proc\p18f45k80.asm
                 B4D1bits   0x000ec7       data     extern E:\3.46\pic18-lt\cxx-framework\src\traditional\proc\p18f45k80.asm
                     B4D2   0x000ec8       data     extern E:\3.46\pic18-lt\cxx-framework\src\traditional\proc\p18f45k80.asm
                 B4D2bits   0x000ec8       data     extern E:\3.46\pic18-lt\cxx-framework\src\traditional\proc\p18f45k80.asm
                     B4D3   0x000ec9       data     extern E:\3.46\pic18-lt\cxx-framework\src\traditional\proc\p18f45k80.asm
                 B4D3bits   0x000ec9       data     extern E:\3.46\pic18-lt\cxx-framework\src\traditional\proc\p18f45k80.asm
                     B4D4   0x000eca       data     extern E:\3.46\pic18-lt\cxx-framework\src\traditional\proc\p18f45k80.asm
                 B4D4bits   0x000eca       data     extern E:\3.46\pic18-lt\cxx-framework\src\traditional\proc\p18f45k80.asm
                     B4D5   0x000ecb       data     extern E:\3.46\pic18-lt\cxx-framework\src\traditional\proc\p18f45k80.asm
                 B4D5bits   0x000ecb       data     extern E:\3.46\pic18-lt\cxx-framework\src\traditional\proc\p18f45k80.asm
                     B4D6   0x000ecc       data     extern E:\3.46\pic18-lt\cxx-framework\src\traditional\proc\p18f45k80.asm
                 B4D6bits   0x000ecc       data     extern E:\3.46\pic18-lt\cxx-framework\src\traditional\proc\p18f45k80.asm
                     B4D7   0x000ecd       data     extern E:\3.46\pic18-lt\cxx-framework\src\traditional\proc\p18f45k80.asm
                 B4D7bits   0x000ecd       data     extern E:\3.46\pic18-lt\cxx-framework\src\traditional\proc\p18f45k80.asm
                    B4DLC   0x000ec5       data     extern E:\3.46\pic18-lt\cxx-framework\src\traditional\proc\p18f45k80.asm
                B4DLCbits   0x000ec5       data     extern E:\3.46\pic18-lt\cxx-framework\src\traditional\proc\p18f45k80.asm
                   B4EIDH   0x000ec3       data     extern E:\3.46\pic18-lt\cxx-framework\src\traditional\proc\p18f45k80.asm
               B4EIDHbits   0x000ec3       data     extern E:\3.46\pic18-lt\cxx-framework\src\traditional\proc\p18f45k80.asm
                   B4EIDL   0x000ec4       data     extern E:\3.46\pic18-lt\cxx-framework\src\traditional\proc\p18f45k80.asm
               B4EIDLbits   0x000ec4       data     extern E:\3.46\pic18-lt\cxx-framework\src\traditional\proc\p18f45k80.asm
                   B4SIDH   0x000ec1       data     extern E:\3.46\pic18-lt\cxx-framework\src\traditional\proc\p18f45k80.asm
               B4SIDHbits   0x000ec1       data     extern E:\3.46\pic18-lt\cxx-framework\src\traditional\proc\p18f45k80.asm
                   B4SIDL   0x000ec2       data     extern E:\3.46\pic18-lt\cxx-framework\src\traditional\proc\p18f45k80.asm
               B4SIDLbits   0x000ec2       data     extern E:\3.46\pic18-lt\cxx-framework\src\traditional\proc\p18f45k80.asm
                    B5CON   0x000ed0       data     extern E:\3.46\pic18-lt\cxx-framework\src\traditional\proc\p18f45k80.asm
                B5CONbits   0x000ed0       data     extern E:\3.46\pic18-lt\cxx-framework\src\traditional\proc\p18f45k80.asm
                     B5D0   0x000ed6       data     extern E:\3.46\pic18-lt\cxx-framework\src\traditional\proc\p18f45k80.asm
                 B5D0bits   0x000ed6       data     extern E:\3.46\pic18-lt\cxx-framework\src\traditional\proc\p18f45k80.asm
                     B5D1   0x000ed7       data     extern E:\3.46\pic18-lt\cxx-framework\src\traditional\proc\p18f45k80.asm
                 B5D1bits   0x000ed7       data     extern E:\3.46\pic18-lt\cxx-framework\src\traditional\proc\p18f45k80.asm
                     B5D2   0x000ed8       data     extern E:\3.46\pic18-lt\cxx-framework\src\traditional\proc\p18f45k80.asm
                 B5D2bits   0x000ed8       data     extern E:\3.46\pic18-lt\cxx-framework\src\traditional\proc\p18f45k80.asm
                     B5D3   0x000ed9       data     extern E:\3.46\pic18-lt\cxx-framework\src\traditional\proc\p18f45k80.asm
                 B5D3bits   0x000ed9       data     extern E:\3.46\pic18-lt\cxx-framework\src\traditional\proc\p18f45k80.asm
                     B5D4   0x000eda       data     extern E:\3.46\pic18-lt\cxx-framework\src\traditional\proc\p18f45k80.asm
                 B5D4bits   0x000eda       data     extern E:\3.46\pic18-lt\cxx-framework\src\traditional\proc\p18f45k80.asm
                     B5D5   0x000edb       data     extern E:\3.46\pic18-lt\cxx-framework\src\traditional\proc\p18f45k80.asm
                 B5D5bits   0x000edb       data     extern E:\3.46\pic18-lt\cxx-framework\src\traditional\proc\p18f45k80.asm
                     B5D6   0x000edc       data     extern E:\3.46\pic18-lt\cxx-framework\src\traditional\proc\p18f45k80.asm
                 B5D6bits   0x000edc       data     extern E:\3.46\pic18-lt\cxx-framework\src\traditional\proc\p18f45k80.asm
                     B5D7   0x000edd       data     extern E:\3.46\pic18-lt\cxx-framework\src\traditional\proc\p18f45k80.asm
                 B5D7bits   0x000edd       data     extern E:\3.46\pic18-lt\cxx-framework\src\traditional\proc\p18f45k80.asm
                    B5DLC   0x000ed5       data     extern E:\3.46\pic18-lt\cxx-framework\src\traditional\proc\p18f45k80.asm
                B5DLCbits   0x000ed5       data     extern E:\3.46\pic18-lt\cxx-framework\src\traditional\proc\p18f45k80.asm
                   B5EIDH   0x000ed3       data     extern E:\3.46\pic18-lt\cxx-framework\src\traditional\proc\p18f45k80.asm
               B5EIDHbits   0x000ed3       data     extern E:\3.46\pic18-lt\cxx-framework\src\traditional\proc\p18f45k80.asm
                   B5EIDL   0x000ed4       data     extern E:\3.46\pic18-lt\cxx-framework\src\traditional\proc\p18f45k80.asm
               B5EIDLbits   0x000ed4       data     extern E:\3.46\pic18-lt\cxx-framework\src\traditional\proc\p18f45k80.asm
                   B5SIDH   0x000ed1       data     extern E:\3.46\pic18-lt\cxx-framework\src\traditional\proc\p18f45k80.asm
               B5SIDHbits   0x000ed1       data     extern E:\3.46\pic18-lt\cxx-framework\src\traditional\proc\p18f45k80.asm
                   B5SIDL   0x000ed2       data     extern E:\3.46\pic18-lt\cxx-framework\src\traditional\proc\p18f45k80.asm
               B5SIDLbits   0x000ed2       data     extern E:\3.46\pic18-lt\cxx-framework\src\traditional\proc\p18f45k80.asm
                 BAUDCON1   0x000fa7       data     extern E:\3.46\pic18-lt\cxx-framework\src\traditional\proc\p18f45k80.asm
             BAUDCON1bits   0x000fa7       data     extern E:\3.46\pic18-lt\cxx-framework\src\traditional\proc\p18f45k80.asm
                 BAUDCON2   0x000fb9       data     extern E:\3.46\pic18-lt\cxx-framework\src\traditional\proc\p18f45k80.asm
             BAUDCON2bits   0x000fb9       data     extern E:\3.46\pic18-lt\cxx-framework\src\traditional\proc\p18f45k80.asm
                     BIE0   0x000e7e       data     extern E:\3.46\pic18-lt\cxx-framework\src\traditional\proc\p18f45k80.asm
                 BIE0bits   0x000e7e       data     extern E:\3.46\pic18-lt\cxx-framework\src\traditional\proc\p18f45k80.asm
                  BRGCON1   0x000e43       data     extern E:\3.46\pic18-lt\cxx-framework\src\traditional\proc\p18f45k80.asm
              BRGCON1bits   0x000e43       data     extern E:\3.46\pic18-lt\cxx-framework\src\traditional\proc\p18f45k80.asm
                  BRGCON2   0x000e44       data     extern E:\3.46\pic18-lt\cxx-framework\src\traditional\proc\p18f45k80.asm
              BRGCON2bits   0x000e44       data     extern E:\3.46\pic18-lt\cxx-framework\src\traditional\proc\p18f45k80.asm
                  BRGCON3   0x000e45       data     extern E:\3.46\pic18-lt\cxx-framework\src\traditional\proc\p18f45k80.asm
              BRGCON3bits   0x000e45       data     extern E:\3.46\pic18-lt\cxx-framework\src\traditional\proc\p18f45k80.asm
                    BSEL0   0x000e7d       data     extern E:\3.46\pic18-lt\cxx-framework\src\traditional\proc\p18f45k80.asm
                BSEL0bits   0x000e7d       data     extern E:\3.46\pic18-lt\cxx-framework\src\traditional\proc\p18f45k80.asm
                      BSR   0x000fe0       data     extern E:\3.46\pic18-lt\cxx-framework\src\traditional\proc\p18f45k80.asm
                  BSRbits   0x000fe0       data     extern E:\3.46\pic18-lt\cxx-framework\src\traditional\proc\p18f45k80.asm
                   CANCON   0x000f6f       data     extern E:\3.46\pic18-lt\cxx-framework\src\traditional\proc\p18f45k80.asm
               CANCON_RO0   0x000f3f       data     extern E:\3.46\pic18-lt\cxx-framework\src\traditional\proc\p18f45k80.asm
           CANCON_RO0bits   0x000f3f       data     extern E:\3.46\pic18-lt\cxx-framework\src\traditional\proc\p18f45k80.asm
               CANCON_RO1   0x000f2f       data     extern E:\3.46\pic18-lt\cxx-framework\src\traditional\proc\p18f45k80.asm
           CANCON_RO1bits   0x000f2f       data     extern E:\3.46\pic18-lt\cxx-framework\src\traditional\proc\p18f45k80.asm
               CANCON_RO2   0x000f1f       data     extern E:\3.46\pic18-lt\cxx-framework\src\traditional\proc\p18f45k80.asm
           CANCON_RO2bits   0x000f1f       data     extern E:\3.46\pic18-lt\cxx-framework\src\traditional\proc\p18f45k80.asm
               CANCON_RO3   0x000f0f       data     extern E:\3.46\pic18-lt\cxx-framework\src\traditional\proc\p18f45k80.asm
           CANCON_RO3bits   0x000f0f       data     extern E:\3.46\pic18-lt\cxx-framework\src\traditional\proc\p18f45k80.asm
               CANCON_RO4   0x000edf       data     extern E:\3.46\pic18-lt\cxx-framework\src\traditional\proc\p18f45k80.asm
           CANCON_RO4bits   0x000edf       data     extern E:\3.46\pic18-lt\cxx-framework\src\traditional\proc\p18f45k80.asm
               CANCON_RO5   0x000ecf       data     extern E:\3.46\pic18-lt\cxx-framework\src\traditional\proc\p18f45k80.asm
           CANCON_RO5bits   0x000ecf       data     extern E:\3.46\pic18-lt\cxx-framework\src\traditional\proc\p18f45k80.asm
               CANCON_RO6   0x000ebf       data     extern E:\3.46\pic18-lt\cxx-framework\src\traditional\proc\p18f45k80.asm
           CANCON_RO6bits   0x000ebf       data     extern E:\3.46\pic18-lt\cxx-framework\src\traditional\proc\p18f45k80.asm
               CANCON_RO7   0x000eaf       data     extern E:\3.46\pic18-lt\cxx-framework\src\traditional\proc\p18f45k80.asm
           CANCON_RO7bits   0x000eaf       data     extern E:\3.46\pic18-lt\cxx-framework\src\traditional\proc\p18f45k80.asm
               CANCON_RO8   0x000e9f       data     extern E:\3.46\pic18-lt\cxx-framework\src\traditional\proc\p18f45k80.asm
           CANCON_RO8bits   0x000e9f       data     extern E:\3.46\pic18-lt\cxx-framework\src\traditional\proc\p18f45k80.asm
               CANCON_RO9   0x000e8f       data     extern E:\3.46\pic18-lt\cxx-framework\src\traditional\proc\p18f45k80.asm
           CANCON_RO9bits   0x000e8f       data     extern E:\3.46\pic18-lt\cxx-framework\src\traditional\proc\p18f45k80.asm
               CANCONbits   0x000f6f       data     extern E:\3.46\pic18-lt\cxx-framework\src\traditional\proc\p18f45k80.asm
                  CANSTAT   0x000f6e       data     extern E:\3.46\pic18-lt\cxx-framework\src\traditional\proc\p18f45k80.asm
              CANSTAT_RO0   0x000f3e       data     extern E:\3.46\pic18-lt\cxx-framework\src\traditional\proc\p18f45k80.asm
          CANSTAT_RO0bits   0x000f3e       data     extern E:\3.46\pic18-lt\cxx-framework\src\traditional\proc\p18f45k80.asm
              CANSTAT_RO1   0x000f2e       data     extern E:\3.46\pic18-lt\cxx-framework\src\traditional\proc\p18f45k80.asm
          CANSTAT_RO1bits   0x000f2e       data     extern E:\3.46\pic18-lt\cxx-framework\src\traditional\proc\p18f45k80.asm
              CANSTAT_RO2   0x000f1e       data     extern E:\3.46\pic18-lt\cxx-framework\src\traditional\proc\p18f45k80.asm
          CANSTAT_RO2bits   0x000f1e       data     extern E:\3.46\pic18-lt\cxx-framework\src\traditional\proc\p18f45k80.asm
              CANSTAT_RO3   0x000f0e       data     extern E:\3.46\pic18-lt\cxx-framework\src\traditional\proc\p18f45k80.asm
          CANSTAT_RO3bits   0x000f0e       data     extern E:\3.46\pic18-lt\cxx-framework\src\traditional\proc\p18f45k80.asm
              CANSTAT_RO4   0x000ede       data     extern E:\3.46\pic18-lt\cxx-framework\src\traditional\proc\p18f45k80.asm
          CANSTAT_RO4bits   0x000ede       data     extern E:\3.46\pic18-lt\cxx-framework\src\traditional\proc\p18f45k80.asm
              CANSTAT_RO5   0x000ece       data     extern E:\3.46\pic18-lt\cxx-framework\src\traditional\proc\p18f45k80.asm
          CANSTAT_RO5bits   0x000ece       data     extern E:\3.46\pic18-lt\cxx-framework\src\traditional\proc\p18f45k80.asm
              CANSTAT_RO6   0x000ebe       data     extern E:\3.46\pic18-lt\cxx-framework\src\traditional\proc\p18f45k80.asm
          CANSTAT_RO6bits   0x000ebe       data     extern E:\3.46\pic18-lt\cxx-framework\src\traditional\proc\p18f45k80.asm
              CANSTAT_RO7   0x000eae       data     extern E:\3.46\pic18-lt\cxx-framework\src\traditional\proc\p18f45k80.asm
          CANSTAT_RO7bits   0x000eae       data     extern E:\3.46\pic18-lt\cxx-framework\src\traditional\proc\p18f45k80.asm
              CANSTAT_RO8   0x000e9e       data     extern E:\3.46\pic18-lt\cxx-framework\src\traditional\proc\p18f45k80.asm
          CANSTAT_RO8bits   0x000e9e       data     extern E:\3.46\pic18-lt\cxx-framework\src\traditional\proc\p18f45k80.asm
              CANSTAT_RO9   0x000e8e       data     extern E:\3.46\pic18-lt\cxx-framework\src\traditional\proc\p18f45k80.asm
          CANSTAT_RO9bits   0x000e8e       data     extern E:\3.46\pic18-lt\cxx-framework\src\traditional\proc\p18f45k80.asm
              CANSTATbits   0x000f6e       data     extern E:\3.46\pic18-lt\cxx-framework\src\traditional\proc\p18f45k80.asm
                  CCP1CON   0x000fbb       data     extern E:\3.46\pic18-lt\cxx-framework\src\traditional\proc\p18f45k80.asm
              CCP1CONbits   0x000fbb       data     extern E:\3.46\pic18-lt\cxx-framework\src\traditional\proc\p18f45k80.asm
                  CCP2CON   0x000f50       data     extern E:\3.46\pic18-lt\cxx-framework\src\traditional\proc\p18f45k80.asm
              CCP2CONbits   0x000f50       data     extern E:\3.46\pic18-lt\cxx-framework\src\traditional\proc\p18f45k80.asm
                  CCP3CON   0x000f4d       data     extern E:\3.46\pic18-lt\cxx-framework\src\traditional\proc\p18f45k80.asm
              CCP3CONbits   0x000f4d       data     extern E:\3.46\pic18-lt\cxx-framework\src\traditional\proc\p18f45k80.asm
                  CCP4CON   0x000f4a       data     extern E:\3.46\pic18-lt\cxx-framework\src\traditional\proc\p18f45k80.asm
              CCP4CONbits   0x000f4a       data     extern E:\3.46\pic18-lt\cxx-framework\src\traditional\proc\p18f45k80.asm
                  CCP5CON   0x000f47       data     extern E:\3.46\pic18-lt\cxx-framework\src\traditional\proc\p18f45k80.asm
              CCP5CONbits   0x000f47       data     extern E:\3.46\pic18-lt\cxx-framework\src\traditional\proc\p18f45k80.asm
                    CCPR1   0x000fbc       data     extern E:\3.46\pic18-lt\cxx-framework\src\traditional\proc\p18f45k80.asm
                   CCPR1H   0x000fbd       data     extern E:\3.46\pic18-lt\cxx-framework\src\traditional\proc\p18f45k80.asm
                   CCPR1L   0x000fbc       data     extern E:\3.46\pic18-lt\cxx-framework\src\traditional\proc\p18f45k80.asm
                    CCPR2   0x000f51       data     extern E:\3.46\pic18-lt\cxx-framework\src\traditional\proc\p18f45k80.asm
                   CCPR2H   0x000f52       data     extern E:\3.46\pic18-lt\cxx-framework\src\traditional\proc\p18f45k80.asm
                   CCPR2L   0x000f51       data     extern E:\3.46\pic18-lt\cxx-framework\src\traditional\proc\p18f45k80.asm
                    CCPR3   0x000f4e       data     extern E:\3.46\pic18-lt\cxx-framework\src\traditional\proc\p18f45k80.asm
                   CCPR3H   0x000f4f       data     extern E:\3.46\pic18-lt\cxx-framework\src\traditional\proc\p18f45k80.asm
                   CCPR3L   0x000f4e       data     extern E:\3.46\pic18-lt\cxx-framework\src\traditional\proc\p18f45k80.asm
                    CCPR4   0x000f4b       data     extern E:\3.46\pic18-lt\cxx-framework\src\traditional\proc\p18f45k80.asm
                   CCPR4H   0x000f4c       data     extern E:\3.46\pic18-lt\cxx-framework\src\traditional\proc\p18f45k80.asm
                   CCPR4L   0x000f4b       data     extern E:\3.46\pic18-lt\cxx-framework\src\traditional\proc\p18f45k80.asm
                    CCPR5   0x000f48       data     extern E:\3.46\pic18-lt\cxx-framework\src\traditional\proc\p18f45k80.asm
                   CCPR5H   0x000f49       data     extern E:\3.46\pic18-lt\cxx-framework\src\traditional\proc\p18f45k80.asm
                   CCPR5L   0x000f48       data     extern E:\3.46\pic18-lt\cxx-framework\src\traditional\proc\p18f45k80.asm
                  CCPTMRS   0x000f99       data     extern E:\3.46\pic18-lt\cxx-framework\src\traditional\proc\p18f45k80.asm
              CCPTMRSbits   0x000f99       data     extern E:\3.46\pic18-lt\cxx-framework\src\traditional\proc\p18f45k80.asm
                   CIOCON   0x000f70       data     extern E:\3.46\pic18-lt\cxx-framework\src\traditional\proc\p18f45k80.asm
               CIOCONbits   0x000f70       data     extern E:\3.46\pic18-lt\cxx-framework\src\traditional\proc\p18f45k80.asm
                   CM1CON   0x000f5f       data     extern E:\3.46\pic18-lt\cxx-framework\src\traditional\proc\p18f45k80.asm
                  CM1CON1   0x000f5f       data     extern E:\3.46\pic18-lt\cxx-framework\src\traditional\proc\p18f45k80.asm
              CM1CON1bits   0x000f5f       data     extern E:\3.46\pic18-lt\cxx-framework\src\traditional\proc\p18f45k80.asm
               CM1CONbits   0x000f5f       data     extern E:\3.46\pic18-lt\cxx-framework\src\traditional\proc\p18f45k80.asm
                   CM2CON   0x000f5e       data     extern E:\3.46\pic18-lt\cxx-framework\src\traditional\proc\p18f45k80.asm
                  CM2CON1   0x000f5e       data     extern E:\3.46\pic18-lt\cxx-framework\src\traditional\proc\p18f45k80.asm
              CM2CON1bits   0x000f5e       data     extern E:\3.46\pic18-lt\cxx-framework\src\traditional\proc\p18f45k80.asm
               CM2CONbits   0x000f5e       data     extern E:\3.46\pic18-lt\cxx-framework\src\traditional\proc\p18f45k80.asm
                   CMSTAT   0x000fb4       data     extern E:\3.46\pic18-lt\cxx-framework\src\traditional\proc\p18f45k80.asm
                 CMSTATUS   0x000fb4       data     extern E:\3.46\pic18-lt\cxx-framework\src\traditional\proc\p18f45k80.asm
             CMSTATUSbits   0x000fb4       data     extern E:\3.46\pic18-lt\cxx-framework\src\traditional\proc\p18f45k80.asm
               CMSTATbits   0x000fb4       data     extern E:\3.46\pic18-lt\cxx-framework\src\traditional\proc\p18f45k80.asm
                  COMSTAT   0x000f71       data     extern E:\3.46\pic18-lt\cxx-framework\src\traditional\proc\p18f45k80.asm
              COMSTATbits   0x000f71       data     extern E:\3.46\pic18-lt\cxx-framework\src\traditional\proc\p18f45k80.asm
                 CS_begin   0x0000e3       data     extern E:\OMFB8\source\Console.c
                   CS_end   0x0000e5       data     extern E:\OMFB8\source\Console.c
                  CS_read   0x0000e7       data     extern E:\OMFB8\source\Console.c
                 CS_write   0x0000e9       data     extern E:\OMFB8\source\Console.c
                 CTMUCONH   0x000f55       data     extern E:\3.46\pic18-lt\cxx-framework\src\traditional\proc\p18f45k80.asm
             CTMUCONHbits   0x000f55       data     extern E:\3.46\pic18-lt\cxx-framework\src\traditional\proc\p18f45k80.asm
                 CTMUCONL   0x000f54       data     extern E:\3.46\pic18-lt\cxx-framework\src\traditional\proc\p18f45k80.asm
             CTMUCONLbits   0x000f54       data     extern E:\3.46\pic18-lt\cxx-framework\src\traditional\proc\p18f45k80.asm
                 CTMUICON   0x000f53       data     extern E:\3.46\pic18-lt\cxx-framework\src\traditional\proc\p18f45k80.asm
             CTMUICONbits   0x000f53       data     extern E:\3.46\pic18-lt\cxx-framework\src\traditional\proc\p18f45k80.asm
                   CVRCON   0x000fb5       data     extern E:\3.46\pic18-lt\cxx-framework\src\traditional\proc\p18f45k80.asm
               CVRCONbits   0x000fb5       data     extern E:\3.46\pic18-lt\cxx-framework\src\traditional\proc\p18f45k80.asm
            ConsoleStream   0x0000f7       data     extern E:\OMFB8\source\Console.c
            DelayCounter1   0x000017       data     extern E:\3.46\pic18-lt\cxx-framework\src\traditional\delays\delayd1.asm
                  ECANCON   0x000f72       data     extern E:\3.46\pic18-lt\cxx-framework\src\traditional\proc\p18f45k80.asm
              ECANCONbits   0x000f72       data     extern E:\3.46\pic18-lt\cxx-framework\src\traditional\proc\p18f45k80.asm
                  ECCP1AS   0x000fbf       data     extern E:\3.46\pic18-lt\cxx-framework\src\traditional\proc\p18f45k80.asm
              ECCP1ASbits   0x000fbf       data     extern E:\3.46\pic18-lt\cxx-framework\src\traditional\proc\p18f45k80.asm
                 ECCP1CON   0x000fbb       data     extern E:\3.46\pic18-lt\cxx-framework\src\traditional\proc\p18f45k80.asm
             ECCP1CONbits   0x000fbb       data     extern E:\3.46\pic18-lt\cxx-framework\src\traditional\proc\p18f45k80.asm
                 ECCP1DEL   0x000fbe       data     extern E:\3.46\pic18-lt\cxx-framework\src\traditional\proc\p18f45k80.asm
             ECCP1DELbits   0x000fbe       data     extern E:\3.46\pic18-lt\cxx-framework\src\traditional\proc\p18f45k80.asm
                 ECCP2CON   0x000f50       data     extern E:\3.46\pic18-lt\cxx-framework\src\traditional\proc\p18f45k80.asm
             ECCP2CONbits   0x000f50       data     extern E:\3.46\pic18-lt\cxx-framework\src\traditional\proc\p18f45k80.asm
                    EEADR   0x000f74       data     extern E:\3.46\pic18-lt\cxx-framework\src\traditional\proc\p18f45k80.asm
                   EEADRH   0x000f75       data     extern E:\3.46\pic18-lt\cxx-framework\src\traditional\proc\p18f45k80.asm
                   EECON1   0x000f7f       data     extern E:\3.46\pic18-lt\cxx-framework\src\traditional\proc\p18f45k80.asm
               EECON1bits   0x000f7f       data     extern E:\3.46\pic18-lt\cxx-framework\src\traditional\proc\p18f45k80.asm
                   EECON2   0x000f7e       data     extern E:\3.46\pic18-lt\cxx-framework\src\traditional\proc\p18f45k80.asm
                   EEDATA   0x000f73       data     extern E:\3.46\pic18-lt\cxx-framework\src\traditional\proc\p18f45k80.asm
           ERROR_MESSAGES   0x0000f1       data     extern E:\OMFB8\source\main.c   
                     FSR0   0x000fe9       data     extern E:\3.46\pic18-lt\cxx-framework\src\traditional\proc\p18f45k80.asm
                    FSR0H   0x000fea       data     extern E:\3.46\pic18-lt\cxx-framework\src\traditional\proc\p18f45k80.asm
                FSR0Hbits   0x000fea       data     extern E:\3.46\pic18-lt\cxx-framework\src\traditional\proc\p18f45k80.asm
                    FSR0L   0x000fe9       data     extern E:\3.46\pic18-lt\cxx-framework\src\traditional\proc\p18f45k80.asm
                     FSR1   0x000fe1       data     extern E:\3.46\pic18-lt\cxx-framework\src\traditional\proc\p18f45k80.asm
                    FSR1H   0x000fe2       data     extern E:\3.46\pic18-lt\cxx-framework\src\traditional\proc\p18f45k80.asm
                FSR1Hbits   0x000fe2       data     extern E:\3.46\pic18-lt\cxx-framework\src\traditional\proc\p18f45k80.asm
                    FSR1L   0x000fe1       data     extern E:\3.46\pic18-lt\cxx-framework\src\traditional\proc\p18f45k80.asm
                     FSR2   0x000fd9       data     extern E:\3.46\pic18-lt\cxx-framework\src\traditional\proc\p18f45k80.asm
                    FSR2H   0x000fda       data     extern E:\3.46\pic18-lt\cxx-framework\src\traditional\proc\p18f45k80.asm
                FSR2Hbits   0x000fda       data     extern E:\3.46\pic18-lt\cxx-framework\src\traditional\proc\p18f45k80.asm
                    FSR2L   0x000fd9       data     extern E:\3.46\pic18-lt\cxx-framework\src\traditional\proc\p18f45k80.asm
                  HLVDCON   0x000fa8       data     extern E:\3.46\pic18-lt\cxx-framework\src\traditional\proc\p18f45k80.asm
              HLVDCONbits   0x000fa8       data     extern E:\3.46\pic18-lt\cxx-framework\src\traditional\proc\p18f45k80.asm
                    INDF0   0x000fef       data     extern E:\3.46\pic18-lt\cxx-framework\src\traditional\proc\p18f45k80.asm
                    INDF1   0x000fe7       data     extern E:\3.46\pic18-lt\cxx-framework\src\traditional\proc\p18f45k80.asm
                    INDF2   0x000fdf       data     extern E:\3.46\pic18-lt\cxx-framework\src\traditional\proc\p18f45k80.asm
                   INTCON   0x000ff2       data     extern E:\3.46\pic18-lt\cxx-framework\src\traditional\proc\p18f45k80.asm
                  INTCON1   0x000ff2       data     extern E:\3.46\pic18-lt\cxx-framework\src\traditional\proc\p18f45k80.asm
              INTCON1bits   0x000ff2       data     extern E:\3.46\pic18-lt\cxx-framework\src\traditional\proc\p18f45k80.asm
                  INTCON2   0x000ff1       data     extern E:\3.46\pic18-lt\cxx-framework\src\traditional\proc\p18f45k80.asm
              INTCON2bits   0x000ff1       data     extern E:\3.46\pic18-lt\cxx-framework\src\traditional\proc\p18f45k80.asm
                  INTCON3   0x000ff0       data     extern E:\3.46\pic18-lt\cxx-framework\src\traditional\proc\p18f45k80.asm
              INTCON3bits   0x000ff0       data     extern E:\3.46\pic18-lt\cxx-framework\src\traditional\proc\p18f45k80.asm
               INTCONbits   0x000ff2       data     extern E:\3.46\pic18-lt\cxx-framework\src\traditional\proc\p18f45k80.asm
                     IOCB   0x000f5a       data     extern E:\3.46\pic18-lt\cxx-framework\src\traditional\proc\p18f45k80.asm
                 IOCBbits   0x000f5a       data     extern E:\3.46\pic18-lt\cxx-framework\src\traditional\proc\p18f45k80.asm
                     IPR1   0x000f9f       data     extern E:\3.46\pic18-lt\cxx-framework\src\traditional\proc\p18f45k80.asm
                 IPR1bits   0x000f9f       data     extern E:\3.46\pic18-lt\cxx-framework\src\traditional\proc\p18f45k80.asm
                     IPR2   0x000fa2       data     extern E:\3.46\pic18-lt\cxx-framework\src\traditional\proc\p18f45k80.asm
                 IPR2bits   0x000fa2       data     extern E:\3.46\pic18-lt\cxx-framework\src\traditional\proc\p18f45k80.asm
                     IPR3   0x000fa5       data     extern E:\3.46\pic18-lt\cxx-framework\src\traditional\proc\p18f45k80.asm
                 IPR3bits   0x000fa5       data     extern E:\3.46\pic18-lt\cxx-framework\src\traditional\proc\p18f45k80.asm
                     IPR4   0x000fb8       data     extern E:\3.46\pic18-lt\cxx-framework\src\traditional\proc\p18f45k80.asm
                 IPR4bits   0x000fb8       data     extern E:\3.46\pic18-lt\cxx-framework\src\traditional\proc\p18f45k80.asm
                     IPR5   0x000f78       data     extern E:\3.46\pic18-lt\cxx-framework\src\traditional\proc\p18f45k80.asm
                 IPR5bits   0x000f78       data     extern E:\3.46\pic18-lt\cxx-framework\src\traditional\proc\p18f45k80.asm
                     LATA   0x000f89       data     extern E:\3.46\pic18-lt\cxx-framework\src\traditional\proc\p18f45k80.asm
                 LATAbits   0x000f89       data     extern E:\3.46\pic18-lt\cxx-framework\src\traditional\proc\p18f45k80.asm
                     LATB   0x000f8a       data     extern E:\3.46\pic18-lt\cxx-framework\src\traditional\proc\p18f45k80.asm
                 LATBbits   0x000f8a       data     extern E:\3.46\pic18-lt\cxx-framework\src\traditional\proc\p18f45k80.asm
                     LATC   0x000f8b       data     extern E:\3.46\pic18-lt\cxx-framework\src\traditional\proc\p18f45k80.asm
                 LATCbits   0x000f8b       data     extern E:\3.46\pic18-lt\cxx-framework\src\traditional\proc\p18f45k80.asm
                     LATD   0x000f8c       data     extern E:\3.46\pic18-lt\cxx-framework\src\traditional\proc\p18f45k80.asm
                 LATDbits   0x000f8c       data     extern E:\3.46\pic18-lt\cxx-framework\src\traditional\proc\p18f45k80.asm
                     LATE   0x000f8d       data     extern E:\3.46\pic18-lt\cxx-framework\src\traditional\proc\p18f45k80.asm
                 LATEbits   0x000f8d       data     extern E:\3.46\pic18-lt\cxx-framework\src\traditional\proc\p18f45k80.asm
                    MSEL0   0x000e79       data     extern E:\3.46\pic18-lt\cxx-framework\src\traditional\proc\p18f45k80.asm
                MSEL0bits   0x000e79       data     extern E:\3.46\pic18-lt\cxx-framework\src\traditional\proc\p18f45k80.asm
                    MSEL1   0x000e7a       data     extern E:\3.46\pic18-lt\cxx-framework\src\traditional\proc\p18f45k80.asm
                MSEL1bits   0x000e7a       data     extern E:\3.46\pic18-lt\cxx-framework\src\traditional\proc\p18f45k80.asm
                    MSEL2   0x000e7b       data     extern E:\3.46\pic18-lt\cxx-framework\src\traditional\proc\p18f45k80.asm
                MSEL2bits   0x000e7b       data     extern E:\3.46\pic18-lt\cxx-framework\src\traditional\proc\p18f45k80.asm
                    MSEL3   0x000e7c       data     extern E:\3.46\pic18-lt\cxx-framework\src\traditional\proc\p18f45k80.asm
                MSEL3bits   0x000e7c       data     extern E:\3.46\pic18-lt\cxx-framework\src\traditional\proc\p18f45k80.asm
                    ODCON   0x000f91       data     extern E:\3.46\pic18-lt\cxx-framework\src\traditional\proc\p18f45k80.asm
                ODCONbits   0x000f91       data     extern E:\3.46\pic18-lt\cxx-framework\src\traditional\proc\p18f45k80.asm
                   OSCCON   0x000fd3       data     extern E:\3.46\pic18-lt\cxx-framework\src\traditional\proc\p18f45k80.asm
                  OSCCON2   0x000fd2       data     extern E:\3.46\pic18-lt\cxx-framework\src\traditional\proc\p18f45k80.asm
              OSCCON2bits   0x000fd2       data     extern E:\3.46\pic18-lt\cxx-framework\src\traditional\proc\p18f45k80.asm
               OSCCONbits   0x000fd3       data     extern E:\3.46\pic18-lt\cxx-framework\src\traditional\proc\p18f45k80.asm
                  OSCTUNE   0x000f9b       data     extern E:\3.46\pic18-lt\cxx-framework\src\traditional\proc\p18f45k80.asm
              OSCTUNEbits   0x000f9b       data     extern E:\3.46\pic18-lt\cxx-framework\src\traditional\proc\p18f45k80.asm
                  PADCFG1   0x000f56       data     extern E:\3.46\pic18-lt\cxx-framework\src\traditional\proc\p18f45k80.asm
              PADCFG1bits   0x000f56       data     extern E:\3.46\pic18-lt\cxx-framework\src\traditional\proc\p18f45k80.asm
                       PC   0x000ff9       data     extern E:\3.46\pic18-lt\cxx-framework\src\traditional\proc\p18f45k80.asm
                      PCL   0x000ff9       data     extern E:\3.46\pic18-lt\cxx-framework\src\traditional\proc\p18f45k80.asm
                   PCLATH   0x000ffa       data     extern E:\3.46\pic18-lt\cxx-framework\src\traditional\proc\p18f45k80.asm
                   PCLATU   0x000ffb       data     extern E:\3.46\pic18-lt\cxx-framework\src\traditional\proc\p18f45k80.asm
               PCLATUbits   0x000ffb       data     extern E:\3.46\pic18-lt\cxx-framework\src\traditional\proc\p18f45k80.asm
                     PIE1   0x000f9d       data     extern E:\3.46\pic18-lt\cxx-framework\src\traditional\proc\p18f45k80.asm
                 PIE1bits   0x000f9d       data     extern E:\3.46\pic18-lt\cxx-framework\src\traditional\proc\p18f45k80.asm
                     PIE2   0x000fa0       data     extern E:\3.46\pic18-lt\cxx-framework\src\traditional\proc\p18f45k80.asm
                 PIE2bits   0x000fa0       data     extern E:\3.46\pic18-lt\cxx-framework\src\traditional\proc\p18f45k80.asm
                     PIE3   0x000fa3       data     extern E:\3.46\pic18-lt\cxx-framework\src\traditional\proc\p18f45k80.asm
                 PIE3bits   0x000fa3       data     extern E:\3.46\pic18-lt\cxx-framework\src\traditional\proc\p18f45k80.asm
                     PIE4   0x000fb6       data     extern E:\3.46\pic18-lt\cxx-framework\src\traditional\proc\p18f45k80.asm
                 PIE4bits   0x000fb6       data     extern E:\3.46\pic18-lt\cxx-framework\src\traditional\proc\p18f45k80.asm
                     PIE5   0x000f76       data     extern E:\3.46\pic18-lt\cxx-framework\src\traditional\proc\p18f45k80.asm
                 PIE5bits   0x000f76       data     extern E:\3.46\pic18-lt\cxx-framework\src\traditional\proc\p18f45k80.asm
                     PIR1   0x000f9e       data     extern E:\3.46\pic18-lt\cxx-framework\src\traditional\proc\p18f45k80.asm
                 PIR1bits   0x000f9e       data     extern E:\3.46\pic18-lt\cxx-framework\src\traditional\proc\p18f45k80.asm
                     PIR2   0x000fa1       data     extern E:\3.46\pic18-lt\cxx-framework\src\traditional\proc\p18f45k80.asm
                 PIR2bits   0x000fa1       data     extern E:\3.46\pic18-lt\cxx-framework\src\traditional\proc\p18f45k80.asm
                     PIR3   0x000fa4       data     extern E:\3.46\pic18-lt\cxx-framework\src\traditional\proc\p18f45k80.asm
                 PIR3bits   0x000fa4       data     extern E:\3.46\pic18-lt\cxx-framework\src\traditional\proc\p18f45k80.asm
                     PIR4   0x000fb7       data     extern E:\3.46\pic18-lt\cxx-framework\src\traditional\proc\p18f45k80.asm
                 PIR4bits   0x000fb7       data     extern E:\3.46\pic18-lt\cxx-framework\src\traditional\proc\p18f45k80.asm
                     PIR5   0x000f77       data     extern E:\3.46\pic18-lt\cxx-framework\src\traditional\proc\p18f45k80.asm
                 PIR5bits   0x000f77       data     extern E:\3.46\pic18-lt\cxx-framework\src\traditional\proc\p18f45k80.asm
                   PLUSW0   0x000feb       data     extern E:\3.46\pic18-lt\cxx-framework\src\traditional\proc\p18f45k80.asm
                   PLUSW1   0x000fe3       data     extern E:\3.46\pic18-lt\cxx-framework\src\traditional\proc\p18f45k80.asm
                   PLUSW2   0x000fdb       data     extern E:\3.46\pic18-lt\cxx-framework\src\traditional\proc\p18f45k80.asm
                     PMD0   0x000f59       data     extern E:\3.46\pic18-lt\cxx-framework\src\traditional\proc\p18f45k80.asm
                 PMD0bits   0x000f59       data     extern E:\3.46\pic18-lt\cxx-framework\src\traditional\proc\p18f45k80.asm
                     PMD1   0x000f58       data     extern E:\3.46\pic18-lt\cxx-framework\src\traditional\proc\p18f45k80.asm
                 PMD1bits   0x000f58       data     extern E:\3.46\pic18-lt\cxx-framework\src\traditional\proc\p18f45k80.asm
                     PMD2   0x000f57       data     extern E:\3.46\pic18-lt\cxx-framework\src\traditional\proc\p18f45k80.asm
                 PMD2bits   0x000f57       data     extern E:\3.46\pic18-lt\cxx-framework\src\traditional\proc\p18f45k80.asm
                    PORTA   0x000f80       data     extern E:\3.46\pic18-lt\cxx-framework\src\traditional\proc\p18f45k80.asm
                PORTAbits   0x000f80       data     extern E:\3.46\pic18-lt\cxx-framework\src\traditional\proc\p18f45k80.asm
                    PORTB   0x000f81       data     extern E:\3.46\pic18-lt\cxx-framework\src\traditional\proc\p18f45k80.asm
                PORTBbits   0x000f81       data     extern E:\3.46\pic18-lt\cxx-framework\src\traditional\proc\p18f45k80.asm
                    PORTC   0x000f82       data     extern E:\3.46\pic18-lt\cxx-framework\src\traditional\proc\p18f45k80.asm
                PORTCbits   0x000f82       data     extern E:\3.46\pic18-lt\cxx-framework\src\traditional\proc\p18f45k80.asm
                    PORTD   0x000f83       data     extern E:\3.46\pic18-lt\cxx-framework\src\traditional\proc\p18f45k80.asm
                PORTDbits   0x000f83       data     extern E:\3.46\pic18-lt\cxx-framework\src\traditional\proc\p18f45k80.asm
                    PORTE   0x000f84       data     extern E:\3.46\pic18-lt\cxx-framework\src\traditional\proc\p18f45k80.asm
                PORTEbits   0x000f84       data     extern E:\3.46\pic18-lt\cxx-framework\src\traditional\proc\p18f45k80.asm
                 POSTDEC0   0x000fed       data     extern E:\3.46\pic18-lt\cxx-framework\src\traditional\proc\p18f45k80.asm
                 POSTDEC1   0x000fe5       data     extern E:\3.46\pic18-lt\cxx-framework\src\traditional\proc\p18f45k80.asm
                 POSTDEC2   0x000fdd       data     extern E:\3.46\pic18-lt\cxx-framework\src\traditional\proc\p18f45k80.asm
                 POSTINC0   0x000fee       data     extern E:\3.46\pic18-lt\cxx-framework\src\traditional\proc\p18f45k80.asm
                 POSTINC1   0x000fe6       data     extern E:\3.46\pic18-lt\cxx-framework\src\traditional\proc\p18f45k80.asm
                 POSTINC2   0x000fde       data     extern E:\3.46\pic18-lt\cxx-framework\src\traditional\proc\p18f45k80.asm
                      PR2   0x000fcb       data     extern E:\3.46\pic18-lt\cxx-framework\src\traditional\proc\p18f45k80.asm
                      PR4   0x000fa9       data     extern E:\3.46\pic18-lt\cxx-framework\src\traditional\proc\p18f45k80.asm
                  PREINC0   0x000fec       data     extern E:\3.46\pic18-lt\cxx-framework\src\traditional\proc\p18f45k80.asm
                  PREINC1   0x000fe4       data     extern E:\3.46\pic18-lt\cxx-framework\src\traditional\proc\p18f45k80.asm
                  PREINC2   0x000fdc       data     extern E:\3.46\pic18-lt\cxx-framework\src\traditional\proc\p18f45k80.asm
                     PROD   0x000ff3       data     extern E:\3.46\pic18-lt\cxx-framework\src\traditional\proc\p18f45k80.asm
                    PRODH   0x000ff4       data     extern E:\3.46\pic18-lt\cxx-framework\src\traditional\proc\p18f45k80.asm
                    PRODL   0x000ff3       data     extern E:\3.46\pic18-lt\cxx-framework\src\traditional\proc\p18f45k80.asm
                   PSPCON   0x000f46       data     extern E:\3.46\pic18-lt\cxx-framework\src\traditional\proc\p18f45k80.asm
               PSPCONbits   0x000f46       data     extern E:\3.46\pic18-lt\cxx-framework\src\traditional\proc\p18f45k80.asm
                 PSTR1CON   0x000f9c       data     extern E:\3.46\pic18-lt\cxx-framework\src\traditional\proc\p18f45k80.asm
             PSTR1CONbits   0x000f9c       data     extern E:\3.46\pic18-lt\cxx-framework\src\traditional\proc\p18f45k80.asm
[...]
                     IPR3   0x000fa5       data     extern E:\3.46\pic18-lt\cxx-framework\src\traditional\proc\p18f45k80.asm
                 IPR3bits   0x000fa5       data     extern E:\3.46\pic18-lt\cxx-framework\src\traditional\proc\p18f45k80.asm
               RCSTA2bits   0x000fa6       data     extern E:\3.46\pic18-lt\cxx-framework\src\traditional\proc\p18f45k80.asm
                   RCSTA2   0x000fa6       data     extern E:\3.46\pic18-lt\cxx-framework\src\traditional\proc\p18f45k80.asm
                 BAUDCON1   0x000fa7       data     extern E:\3.46\pic18-lt\cxx-framework\src\traditional\proc\p18f45k80.asm
             BAUDCON1bits   0x000fa7       data     extern E:\3.46\pic18-lt\cxx-framework\src\traditional\proc\p18f45k80.asm
                  HLVDCON   0x000fa8       data     extern E:\3.46\pic18-lt\cxx-framework\src\traditional\proc\p18f45k80.asm
              HLVDCONbits   0x000fa8       data     extern E:\3.46\pic18-lt\cxx-framework\src\traditional\proc\p18f45k80.asm
                      PR4   0x000fa9       data     extern E:\3.46\pic18-lt\cxx-framework\src\traditional\proc\p18f45k80.asm
               T1GCONbits   0x000faa       data     extern E:\3.46\pic18-lt\cxx-framework\src\traditional\proc\p18f45k80.asm
                   T1GCON   0x000faa       data     extern E:\3.46\pic18-lt\cxx-framework\src\traditional\proc\p18f45k80.asm
                    RCSTA   0x000fab       data     extern E:\3.46\pic18-lt\cxx-framework\src\traditional\proc\p18f45k80.asm
                   RCSTA1   0x000fab       data     extern E:\3.46\pic18-lt\cxx-framework\src\traditional\proc\p18f45k80.asm
               RCSTA1bits   0x000fab       data     extern E:\3.46\pic18-lt\cxx-framework\src\traditional\proc\p18f45k80.asm
                RCSTAbits   0x000fab       data     extern E:\3.46\pic18-lt\cxx-framework\src\traditional\proc\p18f45k80.asm
               TXSTA1bits   0x000fac       data     extern E:\3.46\pic18-lt\cxx-framework\src\traditional\proc\p18f45k80.asm
                   TXSTA1   0x000fac       data     extern E:\3.46\pic18-lt\cxx-framework\src\traditional\proc\p18f45k80.asm
                    TXSTA   0x000fac       data     extern E:\3.46\pic18-lt\cxx-framework\src\traditional\proc\p18f45k80.asm
                TXSTAbits   0x000fac       data     extern E:\3.46\pic18-lt\cxx-framework\src\traditional\proc\p18f45k80.asm
                   TXREG1   0x000fad       data     extern E:\3.46\pic18-lt\cxx-framework\src\traditional\proc\p18f45k80.asm
                    TXREG   0x000fad       data     extern E:\3.46\pic18-lt\cxx-framework\src\traditional\proc\p18f45k80.asm
                   RCREG1   0x000fae       data     extern E:\3.46\pic18-lt\cxx-framework\src\traditional\proc\p18f45k80.asm
                    RCREG   0x000fae       data     extern E:\3.46\pic18-lt\cxx-framework\src\traditional\proc\p18f45k80.asm
                    SPBRG   0x000faf       data     extern E:\3.46\pic18-lt\cxx-framework\src\traditional\proc\p18f45k80.asm
                   SPBRG1   0x000faf       data     extern E:\3.46\pic18-lt\cxx-framework\src\traditional\proc\p18f45k80.asm
                   T3GCON   0x000fb0       data     extern E:\3.46\pic18-lt\cxx-framework\src\traditional\proc\p18f45k80.asm
               T3GCONbits   0x000fb0       data     extern E:\3.46\pic18-lt\cxx-framework\src\traditional\proc\p18f45k80.asm
                T3CONbits   0x000fb1       data     extern E:\3.46\pic18-lt\cxx-framework\src\traditional\proc\p18f45k80.asm
                    T3CON   0x000fb1       data     extern E:\3.46\pic18-lt\cxx-framework\src\traditional\proc\p18f45k80.asm
                    TMR3L   0x000fb2       data     extern E:\3.46\pic18-lt\cxx-framework\src\traditional\proc\p18f45k80.asm
                    TMR3H   0x000fb3       data     extern E:\3.46\pic18-lt\cxx-framework\src\traditional\proc\p18f45k80.asm
                   CMSTAT   0x000fb4       data     extern E:\3.46\pic18-lt\cxx-framework\src\traditional\proc\p18f45k80.asm
                 CMSTATUS   0x000fb4       data     extern E:\3.46\pic18-lt\cxx-framework\src\traditional\proc\p18f45k80.asm
             CMSTATUSbits   0x000fb4       data     extern E:\3.46\pic18-lt\cxx-framework\src\traditional\proc\p18f45k80.asm
               CMSTATbits   0x000fb4       data     extern E:\3.46\pic18-lt\cxx-framework\src\traditional\proc\p18f45k80.asm
               CVRCONbits   0x000fb5       data     extern E:\3.46\pic18-lt\cxx-framework\src\traditional\proc\p18f45k80.asm
                   CVRCON   0x000fb5       data     extern E:\3.46\pic18-lt\cxx-framework\src\traditional\proc\p18f45k80.asm
                 PIE4bits   0x000fb6       data     extern E:\3.46\pic18-lt\cxx-framework\src\traditional\proc\p18f45k80.asm
                     PIE4   0x000fb6       data     extern E:\3.46\pic18-lt\cxx-framework\src\traditional\proc\p18f45k80.asm
                 PIR4bits   0x000fb7       data     extern E:\3.46\pic18-lt\cxx-framework\src\traditional\proc\p18f45k80.asm
                     PIR4   0x000fb7       data     extern E:\3.46\pic18-lt\cxx-framework\src\traditional\proc\p18f45k80.asm
                     IPR4   0x000fb8       data     extern E:\3.46\pic18-lt\cxx-framework\src\traditional\proc\p18f45k80.asm
                 IPR4bits   0x000fb8       data     extern E:\3.46\pic18-lt\cxx-framework\src\traditional\proc\p18f45k80.asm
                 BAUDCON2   0x000fb9       data     extern E:\3.46\pic18-lt\cxx-framework\src\traditional\proc\p18f45k80.asm
             BAUDCON2bits   0x000fb9       data     extern E:\3.46\pic18-lt\cxx-framework\src\traditional\proc\p18f45k80.asm
               TXSTA2bits   0x000fba       data     extern E:\3.46\pic18-lt\cxx-framework\src\traditional\proc\p18f45k80.asm
                   TXSTA2   0x000fba       data     extern E:\3.46\pic18-lt\cxx-framework\src\traditional\proc\p18f45k80.asm
                 ECCP1CON   0x000fbb       data     extern E:\3.46\pic18-lt\cxx-framework\src\traditional\proc\p18f45k80.asm
              CCP1CONbits   0x000fbb       data     extern E:\3.46\pic18-lt\cxx-framework\src\traditional\proc\p18f45k80.asm
             ECCP1CONbits   0x000fbb       data     extern E:\3.46\pic18-lt\cxx-framework\src\traditional\proc\p18f45k80.asm
                  CCP1CON   0x000fbb       data     extern E:\3.46\pic18-lt\cxx-framework\src\traditional\proc\p18f45k80.asm
                    CCPR1   0x000fbc       data     extern E:\3.46\pic18-lt\cxx-framework\src\traditional\proc\p18f45k80.asm
                   CCPR1L   0x000fbc       data     extern E:\3.46\pic18-lt\cxx-framework\src\traditional\proc\p18f45k80.asm
                   CCPR1H   0x000fbd       data     extern E:\3.46\pic18-lt\cxx-framework\src\traditional\proc\p18f45k80.asm
                 ECCP1DEL   0x000fbe       data     extern E:\3.46\pic18-lt\cxx-framework\src\traditional\proc\p18f45k80.asm
             ECCP1DELbits   0x000fbe       data     extern E:\3.46\pic18-lt\cxx-framework\src\traditional\proc\p18f45k80.asm
                  PWM1CON   0x000fbe       data     extern E:\3.46\pic18-lt\cxx-framework\src\traditional\proc\p18f45k80.asm
              PWM1CONbits   0x000fbe       data     extern E:\3.46\pic18-lt\cxx-framework\src\traditional\proc\p18f45k80.asm
              ECCP1ASbits   0x000fbf       data     extern E:\3.46\pic18-lt\cxx-framework\src\traditional\proc\p18f45k80.asm
                  ECCP1AS   0x000fbf       data     extern E:\3.46\pic18-lt\cxx-framework\src\traditional\proc\p18f45k80.asm
               ADCON2bits   0x000fc0       data     extern E:\3.46\pic18-lt\cxx-framework\src\traditional\proc\p18f45k80.asm
                   ADCON2   0x000fc0       data     extern E:\3.46\pic18-lt\cxx-framework\src\traditional\proc\p18f45k80.asm
               ADCON1bits   0x000fc1       data     extern E:\3.46\pic18-lt\cxx-framework\src\traditional\proc\p18f45k80.asm
                   ADCON1   0x000fc1       data     extern E:\3.46\pic18-lt\cxx-framework\src\traditional\proc\p18f45k80.asm
                   ADCON0   0x000fc2       data     extern E:\3.46\pic18-lt\cxx-framework\src\traditional\proc\p18f45k80.asm
               ADCON0bits   0x000fc2       data     extern E:\3.46\pic18-lt\cxx-framework\src\traditional\proc\p18f45k80.asm
                    ADRES   0x000fc3       data     extern E:\3.46\pic18-lt\cxx-framework\src\traditional\proc\p18f45k80.asm
                   ADRESL   0x000fc3       data     extern E:\3.46\pic18-lt\cxx-framework\src\traditional\proc\p18f45k80.asm
                   ADRESH   0x000fc4       data     extern E:\3.46\pic18-lt\cxx-framework\src\traditional\proc\p18f45k80.asm
                  SSPCON2   0x000fc5       data     extern E:\3.46\pic18-lt\cxx-framework\src\traditional\proc\p18f45k80.asm
              SSPCON2bits   0x000fc5       data     extern E:\3.46\pic18-lt\cxx-framework\src\traditional\proc\p18f45k80.asm
                  SSPCON1   0x000fc6       data     extern E:\3.46\pic18-lt\cxx-framework\src\traditional\proc\p18f45k80.asm
              SSPCON1bits   0x000fc6       data     extern E:\3.46\pic18-lt\cxx-framework\src\traditional\proc\p18f45k80.asm
              SSPSTATbits   0x000fc7       data     extern E:\3.46\pic18-lt\cxx-framework\src\traditional\proc\p18f45k80.asm
                  SSPSTAT   0x000fc7       data     extern E:\3.46\pic18-lt\cxx-framework\src\traditional\proc\p18f45k80.asm
                   SSPADD   0x000fc8       data     extern E:\3.46\pic18-lt\cxx-framework\src\traditional\proc\p18f45k80.asm
               SSPADDbits   0x000fc8       data     extern E:\3.46\pic18-lt\cxx-framework\src\traditional\proc\p18f45k80.asm
                   SSPBUF   0x000fc9       data     extern E:\3.46\pic18-lt\cxx-framework\src\traditional\proc\p18f45k80.asm
                    T2CON   0x000fca       data     extern E:\3.46\pic18-lt\cxx-framework\src\traditional\proc\p18f45k80.asm
                T2CONbits   0x000fca       data     extern E:\3.46\pic18-lt\cxx-framework\src\traditional\proc\p18f45k80.asm
                      PR2   0x000fcb       data     extern E:\3.46\pic18-lt\cxx-framework\src\traditional\proc\p18f45k80.asm
                     TMR2   0x000fcc       data     extern E:\3.46\pic18-lt\cxx-framework\src\traditional\proc\p18f45k80.asm
                T1CONbits   0x000fcd       data     extern E:\3.46\pic18-lt\cxx-framework\src\traditional\proc\p18f45k80.asm
                    T1CON   0x000fcd       data     extern E:\3.46\pic18-lt\cxx-framework\src\traditional\proc\p18f45k80.asm
                    TMR1L   0x000fce       data     extern E:\3.46\pic18-lt\cxx-framework\src\traditional\proc\p18f45k80.asm
                    TMR1H   0x000fcf       data     extern E:\3.46\pic18-lt\cxx-framework\src\traditional\proc\p18f45k80.asm
                     RCON   0x000fd0       data     extern E:\3.46\pic18-lt\cxx-framework\src\traditional\proc\p18f45k80.asm
                 RCONbits   0x000fd0       data     extern E:\3.46\pic18-lt\cxx-framework\src\traditional\proc\p18f45k80.asm
                   WDTCON   0x000fd1       data     extern E:\3.46\pic18-lt\cxx-framework\src\traditional\proc\p18f45k80.asm
               WDTCONbits   0x000fd1       data     extern E:\3.46\pic18-lt\cxx-framework\src\traditional\proc\p18f45k80.asm
                  OSCCON2   0x000fd2       data     extern E:\3.46\pic18-lt\cxx-framework\src\traditional\proc\p18f45k80.asm
              OSCCON2bits   0x000fd2       data     extern E:\3.46\pic18-lt\cxx-framework\src\traditional\proc\p18f45k80.asm
               OSCCONbits   0x000fd3       data     extern E:\3.46\pic18-lt\cxx-framework\src\traditional\proc\p18f45k80.asm
                   OSCCON   0x000fd3       data     extern E:\3.46\pic18-lt\cxx-framework\src\traditional\proc\p18f45k80.asm
                    T0CON   0x000fd5       data     extern E:\3.46\pic18-lt\cxx-framework\src\traditional\proc\p18f45k80.asm
                T0CONbits   0x000fd5       data     extern E:\3.46\pic18-lt\cxx-framework\src\traditional\proc\p18f45k80.asm
                    TMR0L   0x000fd6       data     extern E:\3.46\pic18-lt\cxx-framework\src\traditional\proc\p18f45k80.asm
                    TMR0H   0x000fd7       data     extern E:\3.46\pic18-lt\cxx-framework\src\traditional\proc\p18f45k80.asm
                   STATUS   0x000fd8       data     extern E:\3.46\pic18-lt\cxx-framework\src\traditional\proc\p18f45k80.asm
               STATUSbits   0x000fd8       data     extern E:\3.46\pic18-lt\cxx-framework\src\traditional\proc\p18f45k80.asm
                     FSR2   0x000fd9       data     extern E:\3.46\pic18-lt\cxx-framework\src\traditional\proc\p18f45k80.asm
                    FSR2L   0x000fd9       data     extern E:\3.46\pic18-lt\cxx-framework\src\traditional\proc\p18f45k80.asm
                    FSR2H   0x000fda       data     extern E:\3.46\pic18-lt\cxx-framework\src\traditional\proc\p18f45k80.asm
                FSR2Hbits   0x000fda       data     extern E:\3.46\pic18-lt\cxx-framework\src\traditional\proc\p18f45k80.asm
                   PLUSW2   0x000fdb       data     extern E:\3.46\pic18-lt\cxx-framework\src\traditional\proc\p18f45k80.asm
                  PREINC2   0x000fdc       data     extern E:\3.46\pic18-lt\cxx-framework\src\traditional\proc\p18f45k80.asm
                 POSTDEC2   0x000fdd       data     extern E:\3.46\pic18-lt\cxx-framework\src\traditional\proc\p18f45k80.asm
                 POSTINC2   0x000fde       data     extern E:\3.46\pic18-lt\cxx-framework\src\traditional\proc\p18f45k80.asm
                    INDF2   0x000fdf       data     extern E:\3.46\pic18-lt\cxx-framework\src\traditional\proc\p18f45k80.asm
                  BSRbits   0x000fe0       data     extern E:\3.46\pic18-lt\cxx-framework\src\traditional\proc\p18f45k80.asm
                      BSR   0x000fe0       data     extern E:\3.46\pic18-lt\cxx-framework\src\traditional\proc\p18f45k80.asm
                     FSR1   0x000fe1       data     extern E:\3.46\pic18-lt\cxx-framework\src\traditional\proc\p18f45k80.asm
                    FSR1L   0x000fe1       data     extern E:\3.46\pic18-lt\cxx-framework\src\traditional\proc\p18f45k80.asm
                FSR1Hbits   0x000fe2       data     extern E:\3.46\pic18-lt\cxx-framework\src\traditional\proc\p18f45k80.asm
                    FSR1H   0x000fe2       data     extern E:\3.46\pic18-lt\cxx-framework\src\traditional\proc\p18f45k80.asm
                   PLUSW1   0x000fe3       data     extern E:\3.46\pic18-lt\cxx-framework\src\traditional\proc\p18f45k80.asm
                  PREINC1   0x000fe4       data     extern E:\3.46\pic18-lt\cxx-framework\src\traditional\proc\p18f45k80.asm
                 POSTDEC1   0x000fe5       data     extern E:\3.46\pic18-lt\cxx-framework\src\traditional\proc\p18f45k80.asm
                 POSTINC1   0x000fe6       data     extern E:\3.46\pic18-lt\cxx-framework\src\traditional\proc\p18f45k80.asm
                    INDF1   0x000fe7       data     extern E:\3.46\pic18-lt\cxx-framework\src\traditional\proc\p18f45k80.asm
                     WREG   0x000fe8       data     extern E:\3.46\pic18-lt\cxx-framework\src\traditional\proc\p18f45k80.asm
                     FSR0   0x000fe9       data     extern E:\3.46\pic18-lt\cxx-framework\src\traditional\proc\p18f45k80.asm
                    FSR0L   0x000fe9       data     extern E:\3.46\pic18-lt\cxx-framework\src\traditional\proc\p18f45k80.asm
                    FSR0H   0x000fea       data     extern E:\3.46\pic18-lt\cxx-framework\src\traditional\proc\p18f45k80.asm
                FSR0Hbits   0x000fea       data     extern E:\3.46\pic18-lt\cxx-framework\src\traditional\proc\p18f45k80.asm
                   PLUSW0   0x000feb       data     extern E:\3.46\pic18-lt\cxx-framework\src\traditional\proc\p18f45k80.asm
                  PREINC0   0x000fec       data     extern E:\3.46\pic18-lt\cxx-framework\src\traditional\proc\p18f45k80.asm
                 POSTDEC0   0x000fed       data     extern E:\3.46\pic18-lt\cxx-framework\src\traditional\proc\p18f45k80.asm
                 POSTINC0   0x000fee       data     extern E:\3.46\pic18-lt\cxx-framework\src\traditional\proc\p18f45k80.asm
                    INDF0   0x000fef       data     extern E:\3.46\pic18-lt\cxx-framework\src\traditional\proc\p18f45k80.asm
              INTCON3bits   0x000ff0       data     extern E:\3.46\pic18-lt\cxx-framework\src\traditional\proc\p18f45k80.asm
                  INTCON3   0x000ff0       data     extern E:\3.46\pic18-lt\cxx-framework\src\traditional\proc\p18f45k80.asm
                  INTCON2   0x000ff1       data     extern E:\3.46\pic18-lt\cxx-framework\src\traditional\proc\p18f45k80.asm
              INTCON2bits   0x000ff1       data     extern E:\3.46\pic18-lt\cxx-framework\src\traditional\proc\p18f45k80.asm
              INTCON1bits   0x000ff2       data     extern E:\3.46\pic18-lt\cxx-framework\src\traditional\proc\p18f45k80.asm
                  INTCON1   0x000ff2       data     extern E:\3.46\pic18-lt\cxx-framework\src\traditional\proc\p18f45k80.asm
                   INTCON   0x000ff2       data     extern E:\3.46\pic18-lt\cxx-framework\src\traditional\proc\p18f45k80.asm
               INTCONbits   0x000ff2       data     extern E:\3.46\pic18-lt\cxx-framework\src\traditional\proc\p18f45k80.asm
                     PROD   0x000ff3       data     extern E:\3.46\pic18-lt\cxx-framework\src\traditional\proc\p18f45k80.asm
                    PRODL   0x000ff3       data     extern E:\3.46\pic18-lt\cxx-framework\src\traditional\proc\p18f45k80.asm
                    PRODH   0x000ff4       data     extern E:\3.46\pic18-lt\cxx-framework\src\traditional\proc\p18f45k80.asm
                   TABLAT   0x000ff5       data     extern E:\3.46\pic18-lt\cxx-framework\src\traditional\proc\p18f45k80.asm
                   TBLPTR   0x000ff6       data     extern E:\3.46\pic18-lt\cxx-framework\src\traditional\proc\p18f45k80.asm
                  TBLPTRL   0x000ff6       data     extern E:\3.46\pic18-lt\cxx-framework\src\traditional\proc\p18f45k80.asm
                  TBLPTRH   0x000ff7       data     extern E:\3.46\pic18-lt\cxx-framework\src\traditional\proc\p18f45k80.asm
                  TBLPTRU   0x000ff8       data     extern E:\3.46\pic18-lt\cxx-framework\src\traditional\proc\p18f45k80.asm
              TBLPTRUbits   0x000ff8       data     extern E:\3.46\pic18-lt\cxx-framework\src\traditional\proc\p18f45k80.asm
                      PCL   0x000ff9       data     extern E:\3.46\pic18-lt\cxx-framework\src\traditional\proc\p18f45k80.asm
                       PC   0x000ff9       data     extern E:\3.46\pic18-lt\cxx-framework\src\traditional\proc\p18f45k80.asm
                   PCLATH   0x000ffa       data     extern E:\3.46\pic18-lt\cxx-framework\src\traditional\proc\p18f45k80.asm
                   PCLATU   0x000ffb       data     extern E:\3.46\pic18-lt\cxx-framework\src\traditional\proc\p18f45k80.asm
               PCLATUbits   0x000ffb       data     extern E:\3.46\pic18-lt\cxx-framework\src\traditional\proc\p18f45k80.asm
                   STKPTR   0x000ffc       data     extern E:\3.46\pic18-lt\cxx-framework\src\traditional\proc\p18f45k80.asm
               STKPTRbits   0x000ffc       data     extern E:\3.46\pic18-lt\cxx-framework\src\traditional\proc\p18f45k80.asm
                      TOS   0x000ffd       data     extern E:\3.46\pic18-lt\cxx-framework\src\traditional\proc\p18f45k80.asm
                     TOSL   0x000ffd       data     extern E:\3.46\pic18-lt\cxx-framework\src\traditional\proc\p18f45k80.asm
                     TOSH   0x000ffe       data     extern E:\3.46\pic18-lt\cxx-framework\src\traditional\proc\p18f45k80.asm
                     TOSU   0x000fff       data     extern E:\3.46\pic18-lt\cxx-framework\src\traditional\proc\p18f45k80.asm
                 TOSUbits   0x000fff       data     extern E:\3.46\pic18-lt\cxx-framework\src\traditional\proc\p18f45k80.asm


